---
source: tests/api_snapshot_tests.rs
expression: json_output
---
[
  {
    "log": {
      "action": {
        "classification": [],
        "date": "2025-06-04T04:00:00+00:00",
        "description": "Message on Senate action sent to the House.",
        "organization_id": "~{\"classification\": \"upper\"}",
        "related_entities": []
      },
      "bill_id": "HCONRES 24"
    },
    "filename": "usa-data-pipeline/country:us/state:usa/sessions/119/bills/HCONRES24/logs/20250604T040000Z_message_on_senate_action_sent_to_the_house.json",
    "minimal_metadata": {
      "title": "Authorizing the use of Emancipation Hall in the Capitol Visitor Center for an event to celebrate the birthday of King Kamehameha I.",
      "description": null,
      "sources": [
        {
          "url": "https://www.govinfo.gov/bulkdata/BILLSTATUS/119/hconres/BILLSTATUS-119hconres24.xml",
          "note": ""
        },
        {
          "url": "https://congress.gov/bill/119th-congress/house-resolution/24",
          "note": ""
        }
      ]
    }
  },
  {
    "log": {
      "action": {
        "classification": [],
        "date": "2025-06-03T04:00:00+00:00",
        "description": "Resolution agreed to in Senate without amendment by Unanimous Consent. (consideration: CR S3210)",
        "organization_id": "~{\"classification\": \"upper\"}",
        "related_entities": []
      },
      "bill_id": "HCONRES 24"
    },
    "filename": "usa-data-pipeline/country:us/state:usa/sessions/119/bills/HCONRES24/logs/20250603T040000Z_resolution_agreed_to_in_senate_without_amendment_by_unanimous_consent_consideration_cr_s3210.json",
    "minimal_metadata": {
      "title": "Authorizing the use of Emancipation Hall in the Capitol Visitor Center for an event to celebrate the birthday of King Kamehameha I.",
      "description": null,
      "sources": [
        {
          "url": "https://www.govinfo.gov/bulkdata/BILLSTATUS/119/hconres/BILLSTATUS-119hconres24.xml",
          "note": ""
        },
        {
          "url": "https://congress.gov/bill/119th-congress/house-resolution/24",
          "note": ""
        }
      ]
    }
  },
  {
    "log": {
      "action": {
        "classification": [],
        "date": "2025-05-20T04:00:00+00:00",
        "description": "Star Print ordered on the reported concurrent resolution.",
        "organization_id": "~{\"classification\": \"upper\"}",
        "related_entities": []
      },
      "bill_id": "HCONRES 14"
    },
    "filename": "usa-data-pipeline/country:us/state:usa/sessions/119/bills/HCONRES14/logs/20250520T040000Z_star_print_ordered_on_the_reported_concurrent_resolution.json",
    "minimal_metadata": {
      "title": "Establishing the congressional budget for the United States Government for fiscal year 2025 and setting forth the appropriate budgetary levels for fiscal years 2026 through 2034.",
      "description": null,
      "sources": [
        {
          "url": "https://www.govinfo.gov/bulkdata/BILLSTATUS/119/hconres/BILLSTATUS-119hconres14.xml",
          "note": ""
        },
        {
          "url": "https://congress.gov/bill/119th-congress/house-resolution/14",
          "note": ""
        }
      ]
    }
  },
  {
    "log": {
      "action": {
        "classification": [],
        "date": "2025-05-15T04:00:00+00:00",
        "description": "Received in the Senate.",
        "organization_id": "~{\"classification\": \"upper\"}",
        "related_entities": []
      },
      "bill_id": "HCONRES 24"
    },
    "filename": "usa-data-pipeline/country:us/state:usa/sessions/119/bills/HCONRES24/logs/20250515T040000Z_received_in_the_senate.json",
    "minimal_metadata": {
      "title": "Authorizing the use of Emancipation Hall in the Capitol Visitor Center for an event to celebrate the birthday of King Kamehameha I.",
      "description": null,
      "sources": [
        {
          "url": "https://www.govinfo.gov/bulkdata/BILLSTATUS/119/hconres/BILLSTATUS-119hconres24.xml",
          "note": ""
        },
        {
          "url": "https://congress.gov/bill/119th-congress/house-resolution/24",
          "note": ""
        }
      ]
    }
  },
  {
    "log": {
      "action": {
        "classification": [],
        "date": "2025-05-14T21:39:24+00:00",
        "description": "Motion to reconsider laid on the table Agreed to without objection.",
        "organization_id": "~{\"classification\": \"lower\"}",
        "related_entities": []
      },
      "bill_id": "HCONRES 24"
    },
    "filename": "usa-data-pipeline/country:us/state:usa/sessions/119/bills/HCONRES24/logs/20250514T213924Z_motion_to_reconsider_laid_on_the_table_agreed_to_without_objection.json",
    "minimal_metadata": {
      "title": "Authorizing the use of Emancipation Hall in the Capitol Visitor Center for an event to celebrate the birthday of King Kamehameha I.",
      "description": null,
      "sources": [
        {
          "url": "https://www.govinfo.gov/bulkdata/BILLSTATUS/119/hconres/BILLSTATUS-119hconres24.xml",
          "note": ""
        },
        {
          "url": "https://congress.gov/bill/119th-congress/house-resolution/24",
          "note": ""
        }
      ]
    }
  },
  {
    "log": {
      "action": {
        "classification": [],
        "date": "2025-05-14T21:39:23+00:00",
        "description": "On agreeing to the resolution Agreed to without objection. (text: CR H2033)",
        "organization_id": "~{\"classification\": \"lower\"}",
        "related_entities": []
      },
      "bill_id": "HCONRES 24"
    },
    "filename": "usa-data-pipeline/country:us/state:usa/sessions/119/bills/HCONRES24/logs/20250514T213923Z_on_agreeing_to_the_resolution_agreed_to_without_objection_text_cr_h2033.json",
    "minimal_metadata": {
      "title": "Authorizing the use of Emancipation Hall in the Capitol Visitor Center for an event to celebrate the birthday of King Kamehameha I.",
      "description": null,
      "sources": [
        {
          "url": "https://www.govinfo.gov/bulkdata/BILLSTATUS/119/hconres/BILLSTATUS-119hconres24.xml",
          "note": ""
        },
        {
          "url": "https://congress.gov/bill/119th-congress/house-resolution/24",
          "note": ""
        }
      ]
    }
  },
  {
    "log": {
      "action": {
        "classification": [],
        "date": "2025-05-14T21:38:53+00:00",
        "description": "Considered by unanimous consent. (consideration: CR H2033)",
        "organization_id": "~{\"classification\": \"lower\"}",
        "related_entities": []
      },
      "bill_id": "HCONRES 24"
    },
    "filename": "usa-data-pipeline/country:us/state:usa/sessions/119/bills/HCONRES24/logs/20250514T213853Z_considered_by_unanimous_consent_consideration_cr_h2033.json",
    "minimal_metadata": {
      "title": "Authorizing the use of Emancipation Hall in the Capitol Visitor Center for an event to celebrate the birthday of King Kamehameha I.",
      "description": null,
      "sources": [
        {
          "url": "https://www.govinfo.gov/bulkdata/BILLSTATUS/119/hconres/BILLSTATUS-119hconres24.xml",
          "note": ""
        },
        {
          "url": "https://congress.gov/bill/119th-congress/house-resolution/24",
          "note": ""
        }
      ]
    }
  },
  {
    "log": {
      "action": {
        "classification": [],
        "date": "2025-05-14T21:38:49+00:00",
        "description": "Mr. Steil asked unanimous consent to discharge from committee and consider.",
        "organization_id": "~{\"classification\": \"lower\"}",
        "related_entities": []
      },
      "bill_id": "HCONRES 24"
    },
    "filename": "usa-data-pipeline/country:us/state:usa/sessions/119/bills/HCONRES24/logs/20250514T213849Z_mr_steil_asked_unanimous_consent_to_discharge_from_committee_and_consider.json",
    "minimal_metadata": {
      "title": "Authorizing the use of Emancipation Hall in the Capitol Visitor Center for an event to celebrate the birthday of King Kamehameha I.",
      "description": null,
      "sources": [
        {
          "url": "https://www.govinfo.gov/bulkdata/BILLSTATUS/119/hconres/BILLSTATUS-119hconres24.xml",
          "note": ""
        },
        {
          "url": "https://congress.gov/bill/119th-congress/house-resolution/24",
          "note": ""
        }
      ]
    }
  },
  {
    "log": {
      "action": {
        "classification": [],
        "date": "2025-05-14T04:00:00+00:00",
        "description": "Committee on House Administration discharged.",
        "organization_id": "~{\"classification\": \"lower\"}",
        "related_entities": []
      },
      "bill_id": "HCONRES 24"
    },
    "filename": "usa-data-pipeline/country:us/state:usa/sessions/119/bills/HCONRES24/logs/20250514T040000Z_committee_on_house_administration_discharged.json",
    "minimal_metadata": {
      "title": "Authorizing the use of Emancipation Hall in the Capitol Visitor Center for an event to celebrate the birthday of King Kamehameha I.",
      "description": null,
      "sources": [
        {
          "url": "https://www.govinfo.gov/bulkdata/BILLSTATUS/119/hconres/BILLSTATUS-119hconres24.xml",
          "note": ""
        },
        {
          "url": "https://congress.gov/bill/119th-congress/house-resolution/24",
          "note": ""
        }
      ]
    }
  },
  {
    "log": {
      "action": {
        "classification": [],
        "date": "2025-04-14T04:00:00+00:00",
        "description": "Message on Senate action sent to the House.",
        "organization_id": "~{\"classification\": \"upper\"}",
        "related_entities": []
      },
      "bill_id": "HCONRES 22"
    },
    "filename": "usa-data-pipeline/country:us/state:usa/sessions/119/bills/HCONRES22/logs/20250414T040000Z_message_on_senate_action_sent_to_the_house.json",
    "minimal_metadata": {
      "title": "Authorizing the use of Emancipation Hall in the Capitol Visitor Center for a ceremony to present the Congressional Gold Medals awarded under the 'Six Triple Eight' Congressional Gold Medal Act of 2021.",
      "description": null,
      "sources": [
        {
          "url": "https://www.govinfo.gov/bulkdata/BILLSTATUS/119/hconres/BILLSTATUS-119hconres22.xml",
          "note": ""
        },
        {
          "url": "https://congress.gov/bill/119th-congress/house-resolution/22",
          "note": ""
        }
      ]
    }
  },
  {
    "log": {
      "action": {
        "classification": [],
        "date": "2025-04-10T15:11:11+00:00",
        "description": "Motion to reconsider laid on the table Agreed to without objection.",
        "organization_id": "~{\"classification\": \"lower\"}",
        "related_entities": []
      },
      "bill_id": "HCONRES 14"
    },
    "filename": "usa-data-pipeline/country:us/state:usa/sessions/119/bills/HCONRES14/logs/20250410T151111Z_motion_to_reconsider_laid_on_the_table_agreed_to_without_objection.json",
    "minimal_metadata": {
      "title": "Establishing the congressional budget for the United States Government for fiscal year 2025 and setting forth the appropriate budgetary levels for fiscal years 2026 through 2034.",
      "description": null,
      "sources": [
        {
          "url": "https://www.govinfo.gov/bulkdata/BILLSTATUS/119/hconres/BILLSTATUS-119hconres14.xml",
          "note": ""
        },
        {
          "url": "https://congress.gov/bill/119th-congress/house-resolution/14",
          "note": ""
        }
      ]
    }
  },
  {
    "log": {
      "action": {
        "classification": [],
        "date": "2025-04-10T15:11:09+00:00",
        "description": "On motion that the House agree to the Senate amendment Agreed to by the Yeas and Nays: 216 - 214 (Roll no. 100). (text: 4/9/2025 CR H1533-1540)",
        "organization_id": "~{\"classification\": \"lower\"}",
        "related_entities": []
      },
      "bill_id": "HCONRES 14"
    },
    "filename": "usa-data-pipeline/country:us/state:usa/sessions/119/bills/HCONRES14/logs/20250410T151109Z_on_motion_that_the_house_agree_to_the_senate_amendment_agreed_to_by_the_yeas_and_nays_216_214_roll_n.json",
    "minimal_metadata": {
      "title": "Establishing the congressional budget for the United States Government for fiscal year 2025 and setting forth the appropriate budgetary levels for fiscal years 2026 through 2034.",
      "description": null,
      "sources": [
        {
          "url": "https://www.govinfo.gov/bulkdata/BILLSTATUS/119/hconres/BILLSTATUS-119hconres14.xml",
          "note": ""
        },
        {
          "url": "https://congress.gov/bill/119th-congress/house-resolution/14",
          "note": ""
        }
      ]
    }
  },
  {
    "log": {
      "action": {
        "classification": [],
        "date": "2025-04-10T14:33:58+00:00",
        "description": "Pursuant to clause 1(c) of rule XIX, the House resumed consideration of H. Con. Res. 14. (consideration: CR H1579-1580: 2)",
        "organization_id": "~{\"classification\": \"lower\"}",
        "related_entities": []
      },
      "bill_id": "HCONRES 14"
    },
    "filename": "usa-data-pipeline/country:us/state:usa/sessions/119/bills/HCONRES14/logs/20250410T143358Z_pursuant_to_clause_1c_of_rule_xix_the_house_resumed_consideration_of_h_con_res_14_consideration_cr_h.json",
    "minimal_metadata": {
      "title": "Establishing the congressional budget for the United States Government for fiscal year 2025 and setting forth the appropriate budgetary levels for fiscal years 2026 through 2034.",
      "description": null,
      "sources": [
        {
          "url": "https://www.govinfo.gov/bulkdata/BILLSTATUS/119/hconres/BILLSTATUS-119hconres14.xml",
          "note": ""
        },
        {
          "url": "https://congress.gov/bill/119th-congress/house-resolution/14",
          "note": ""
        }
      ]
    }
  },
  {
    "log": {
      "action": {
        "classification": [],
        "date": "2025-04-10T04:00:00+00:00",
        "description": "Resolving differences -- House actions: On motion that the House agree to the Senate amendment Agreed to by the Yeas and Nays: 216 - 214 (Roll no. 100).",
        "organization_id": "~{\"classification\": \"upper\"}",
        "related_entities": []
      },
      "bill_id": "HCONRES 14"
    },
    "filename": "usa-data-pipeline/country:us/state:usa/sessions/119/bills/HCONRES14/logs/20250410T040000Z_resolving_differences_house_actions_on_motion_that_the_house_agree_to_the_senate_amendment_agreed_to.json",
    "minimal_metadata": {
      "title": "Establishing the congressional budget for the United States Government for fiscal year 2025 and setting forth the appropriate budgetary levels for fiscal years 2026 through 2034.",
      "description": null,
      "sources": [
        {
          "url": "https://www.govinfo.gov/bulkdata/BILLSTATUS/119/hconres/BILLSTATUS-119hconres14.xml",
          "note": ""
        },
        {
          "url": "https://congress.gov/bill/119th-congress/house-resolution/14",
          "note": ""
        }
      ]
    }
  },
  {
    "log": {
      "action": {
        "classification": [],
        "date": "2025-04-10T04:00:00+00:00",
        "description": "Passed Senate without amendment by Unanimous Consent.",
        "organization_id": "~{\"classification\": \"upper\"}",
        "related_entities": []
      },
      "bill_id": "HCONRES 22"
    },
    "filename": "usa-data-pipeline/country:us/state:usa/sessions/119/bills/HCONRES22/logs/20250410T040000Z_passed_senate_without_amendment_by_unanimous_consent.json",
    "minimal_metadata": {
      "title": "Authorizing the use of Emancipation Hall in the Capitol Visitor Center for a ceremony to present the Congressional Gold Medals awarded under the 'Six Triple Eight' Congressional Gold Medal Act of 2021.",
      "description": null,
      "sources": [
        {
          "url": "https://www.govinfo.gov/bulkdata/BILLSTATUS/119/hconres/BILLSTATUS-119hconres22.xml",
          "note": ""
        },
        {
          "url": "https://congress.gov/bill/119th-congress/house-resolution/22",
          "note": ""
        }
      ]
    }
  },
  {
    "log": {
      "action": {
        "classification": [
          "referral-committee"
        ],
        "date": "2025-04-10T04:00:00+00:00",
        "description": "Referred to the House Committee on Foreign Affairs.",
        "organization_id": "~{\"classification\": \"lower\"}",
        "related_entities": []
      },
      "bill_id": "HCONRES 26"
    },
    "filename": "usa-data-pipeline/country:us/state:usa/sessions/119/bills/HCONRES26/logs/20250410T040000Z_referred_to_the_house_committee_on_foreign_affairs.json",
    "minimal_metadata": {
      "title": "Calling for the end of impunity of unpunished Serbian sexual war crimes during the 1999 Kosovo war in the case of United States citizen and sexual war crime survivor Vasfije Krasniqi Goodman and other survivors of sexual and gender-based violence.",
      "description": null,
      "sources": [
        {
          "url": "https://www.govinfo.gov/bulkdata/BILLSTATUS/119/hconres/BILLSTATUS-119hconres26.xml",
          "note": ""
        },
        {
          "url": "https://congress.gov/bill/119th-congress/house-resolution/26",
          "note": ""
        }
      ]
    }
  },
  {
    "log": {
      "action": {
        "classification": [
          "referral-committee"
        ],
        "date": "2025-04-10T04:00:00+00:00",
        "description": "Submitted in House",
        "organization_id": "~{\"classification\": \"lower\"}",
        "related_entities": []
      },
      "bill_id": "HCONRES 26"
    },
    "filename": "usa-data-pipeline/country:us/state:usa/sessions/119/bills/HCONRES26/logs/20250410T040000Z_submitted_in_house.json",
    "minimal_metadata": {
      "title": "Calling for the end of impunity of unpunished Serbian sexual war crimes during the 1999 Kosovo war in the case of United States citizen and sexual war crime survivor Vasfije Krasniqi Goodman and other survivors of sexual and gender-based violence.",
      "description": null,
      "sources": [
        {
          "url": "https://www.govinfo.gov/bulkdata/BILLSTATUS/119/hconres/BILLSTATUS-119hconres26.xml",
          "note": ""
        },
        {
          "url": "https://congress.gov/bill/119th-congress/house-resolution/26",
          "note": ""
        }
      ]
    }
  },
  {
    "log": {
      "action": {
        "classification": [
          "referral-committee"
        ],
        "date": "2025-04-10T04:00:00+00:00",
        "description": "Referred to the House Committee on Transportation and Infrastructure.",
        "organization_id": "~{\"classification\": \"lower\"}",
        "related_entities": []
      },
      "bill_id": "HCONRES 27"
    },
    "filename": "usa-data-pipeline/country:us/state:usa/sessions/119/bills/HCONRES27/logs/20250410T040000Z_referred_to_the_house_committee_on_transportation_and_infrastructure.json",
    "minimal_metadata": {
      "title": "Expressing support for the work of open water lifeguards as first responders and emergency response providers.",
      "description": null,
      "sources": [
        {
          "url": "https://www.govinfo.gov/bulkdata/BILLSTATUS/119/hconres/BILLSTATUS-119hconres27.xml",
          "note": ""
        },
        {
          "url": "https://congress.gov/bill/119th-congress/house-resolution/27",
          "note": ""
        }
      ]
    }
  },
  {
    "log": {
      "action": {
        "classification": [
          "referral-committee"
        ],
        "date": "2025-04-10T04:00:00+00:00",
        "description": "Submitted in House",
        "organization_id": "~{\"classification\": \"lower\"}",
        "related_entities": []
      },
      "bill_id": "HCONRES 27"
    },
    "filename": "usa-data-pipeline/country:us/state:usa/sessions/119/bills/HCONRES27/logs/20250410T040000Z_submitted_in_house.json",
    "minimal_metadata": {
      "title": "Expressing support for the work of open water lifeguards as first responders and emergency response providers.",
      "description": null,
      "sources": [
        {
          "url": "https://www.govinfo.gov/bulkdata/BILLSTATUS/119/hconres/BILLSTATUS-119hconres27.xml",
          "note": ""
        },
        {
          "url": "https://congress.gov/bill/119th-congress/house-resolution/27",
          "note": ""
        }
      ]
    }
  },
  {
    "log": {
      "action": {
        "classification": [],
        "date": "2025-04-09T22:10:09+00:00",
        "description": "POSTPONED PROCEEDINGS - Pursuant to clause 1(c) of rule XIX, the Chair announced further proceedings on H. Con. Res. 14 would be postponed.",
        "organization_id": "~{\"classification\": \"lower\"}",
        "related_entities": []
      },
      "bill_id": "HCONRES 14"
    },
    "filename": "usa-data-pipeline/country:us/state:usa/sessions/119/bills/HCONRES14/logs/20250409T221009Z_postponed_proceedings_pursuant_to_clause_1c_of_rule_xix_the_chair_announced_further_proceedings_on_h.json",
    "minimal_metadata": {
      "title": "Establishing the congressional budget for the United States Government for fiscal year 2025 and setting forth the appropriate budgetary levels for fiscal years 2026 through 2034.",
      "description": null,
      "sources": [
        {
          "url": "https://www.govinfo.gov/bulkdata/BILLSTATUS/119/hconres/BILLSTATUS-119hconres14.xml",
          "note": ""
        },
        {
          "url": "https://congress.gov/bill/119th-congress/house-resolution/14",
          "note": ""
        }
      ]
    }
  },
  {
    "log": {
      "action": {
        "classification": [],
        "date": "2025-04-09T22:10:00+00:00",
        "description": "The previous question was ordered pursuant to the rule.",
        "organization_id": "~{\"classification\": \"lower\"}",
        "related_entities": []
      },
      "bill_id": "HCONRES 14"
    },
    "filename": "usa-data-pipeline/country:us/state:usa/sessions/119/bills/HCONRES14/logs/20250409T221000Z_the_previous_question_was_ordered_pursuant_to_the_rule.json",
    "minimal_metadata": {
      "title": "Establishing the congressional budget for the United States Government for fiscal year 2025 and setting forth the appropriate budgetary levels for fiscal years 2026 through 2034.",
      "description": null,
      "sources": [
        {
          "url": "https://www.govinfo.gov/bulkdata/BILLSTATUS/119/hconres/BILLSTATUS-119hconres14.xml",
          "note": ""
        },
        {
          "url": "https://congress.gov/bill/119th-congress/house-resolution/14",
          "note": ""
        }
      ]
    }
  },
  {
    "log": {
      "action": {
        "classification": [],
        "date": "2025-04-09T20:33:11+00:00",
        "description": "DEBATE - Pursuant to the provisions of H. Res. 313, the House proceeded with one hour of debate on the motion to agree to the Senate amendment to H. Con. Res. 14.",
        "organization_id": "~{\"classification\": \"lower\"}",
        "related_entities": []
      },
      "bill_id": "HCONRES 14"
    },
    "filename": "usa-data-pipeline/country:us/state:usa/sessions/119/bills/HCONRES14/logs/20250409T203311Z_debate_pursuant_to_the_provisions_of_h_res_313_the_house_proceeded_with_one_hour_of_debate_on_the_mo.json",
    "minimal_metadata": {
      "title": "Establishing the congressional budget for the United States Government for fiscal year 2025 and setting forth the appropriate budgetary levels for fiscal years 2026 through 2034.",
      "description": null,
      "sources": [
        {
          "url": "https://www.govinfo.gov/bulkdata/BILLSTATUS/119/hconres/BILLSTATUS-119hconres14.xml",
          "note": ""
        },
        {
          "url": "https://congress.gov/bill/119th-congress/house-resolution/14",
          "note": ""
        }
      ]
    }
  },
  {
    "log": {
      "action": {
        "classification": [],
        "date": "2025-04-09T20:32:52+00:00",
        "description": "Mr. Arrington moved that the House agree to the Senate amendment to H. Con. Res. 14.",
        "organization_id": "~{\"classification\": \"lower\"}",
        "related_entities": []
      },
      "bill_id": "HCONRES 14"
    },
    "filename": "usa-data-pipeline/country:us/state:usa/sessions/119/bills/HCONRES14/logs/20250409T203252Z_mr_arrington_moved_that_the_house_agree_to_the_senate_amendment_to_h_con_res_14.json",
    "minimal_metadata": {
      "title": "Establishing the congressional budget for the United States Government for fiscal year 2025 and setting forth the appropriate budgetary levels for fiscal years 2026 through 2034.",
      "description": null,
      "sources": [
        {
          "url": "https://www.govinfo.gov/bulkdata/BILLSTATUS/119/hconres/BILLSTATUS-119hconres14.xml",
          "note": ""
        },
        {
          "url": "https://congress.gov/bill/119th-congress/house-resolution/14",
          "note": ""
        }
      ]
    }
  },
  {
    "log": {
      "action": {
        "classification": [],
        "date": "2025-04-09T20:32:51+00:00",
        "description": "Mr. Arrington moved that the House agree to the Senate amendment. (consideration: CR H1533-1550: 2)",
        "organization_id": "~{\"classification\": \"lower\"}",
        "related_entities": []
      },
      "bill_id": "HCONRES 14"
    },
    "filename": "usa-data-pipeline/country:us/state:usa/sessions/119/bills/HCONRES14/logs/20250409T203251Z_mr_arrington_moved_that_the_house_agree_to_the_senate_amendment_consideration_cr_h15331550_2.json",
    "minimal_metadata": {
      "title": "Establishing the congressional budget for the United States Government for fiscal year 2025 and setting forth the appropriate budgetary levels for fiscal years 2026 through 2034.",
      "description": null,
      "sources": [
        {
          "url": "https://www.govinfo.gov/bulkdata/BILLSTATUS/119/hconres/BILLSTATUS-119hconres14.xml",
          "note": ""
        },
        {
          "url": "https://congress.gov/bill/119th-congress/house-resolution/14",
          "note": ""
        }
      ]
    }
  },
  {
    "log": {
      "action": {
        "classification": [],
        "date": "2025-04-09T20:32:48+00:00",
        "description": "Pursuant to the provisions of H. Res. 313, Mr. Arrington called up the Senate amendment to H. Con. Res. 14.",
        "organization_id": "~{\"classification\": \"lower\"}",
        "related_entities": []
      },
      "bill_id": "HCONRES 14"
    },
    "filename": "usa-data-pipeline/country:us/state:usa/sessions/119/bills/HCONRES14/logs/20250409T203248Z_pursuant_to_the_provisions_of_h_res_313_mr_arrington_called_up_the_senate_amendment_to_h_con_res_14.json",
    "minimal_metadata": {
      "title": "Establishing the congressional budget for the United States Government for fiscal year 2025 and setting forth the appropriate budgetary levels for fiscal years 2026 through 2034.",
      "description": null,
      "sources": [
        {
          "url": "https://www.govinfo.gov/bulkdata/BILLSTATUS/119/hconres/BILLSTATUS-119hconres14.xml",
          "note": ""
        },
        {
          "url": "https://congress.gov/bill/119th-congress/house-resolution/14",
          "note": ""
        }
      ]
    }
  },
  {
    "log": {
      "action": {
        "classification": [],
        "date": "2025-04-08T04:00:00+00:00",
        "description": "Received in the Senate.",
        "organization_id": "~{\"classification\": \"upper\"}",
        "related_entities": []
      },
      "bill_id": "HCONRES 22"
    },
    "filename": "usa-data-pipeline/country:us/state:usa/sessions/119/bills/HCONRES22/logs/20250408T040000Z_received_in_the_senate.json",
    "minimal_metadata": {
      "title": "Authorizing the use of Emancipation Hall in the Capitol Visitor Center for a ceremony to present the Congressional Gold Medals awarded under the 'Six Triple Eight' Congressional Gold Medal Act of 2021.",
      "description": null,
      "sources": [
        {
          "url": "https://www.govinfo.gov/bulkdata/BILLSTATUS/119/hconres/BILLSTATUS-119hconres22.xml",
          "note": ""
        },
        {
          "url": "https://congress.gov/bill/119th-congress/house-resolution/22",
          "note": ""
        }
      ]
    }
  },
  {
    "log": {
      "action": {
        "classification": [],
        "date": "2025-04-07T23:06:55+00:00",
        "description": "Motion to reconsider laid on the table Agreed to without objection.",
        "organization_id": "~{\"classification\": \"lower\"}",
        "related_entities": []
      },
      "bill_id": "HCONRES 22"
    },
    "filename": "usa-data-pipeline/country:us/state:usa/sessions/119/bills/HCONRES22/logs/20250407T230655Z_motion_to_reconsider_laid_on_the_table_agreed_to_without_objection.json",
    "minimal_metadata": {
      "title": "Authorizing the use of Emancipation Hall in the Capitol Visitor Center for a ceremony to present the Congressional Gold Medals awarded under the 'Six Triple Eight' Congressional Gold Medal Act of 2021.",
      "description": null,
      "sources": [
        {
          "url": "https://www.govinfo.gov/bulkdata/BILLSTATUS/119/hconres/BILLSTATUS-119hconres22.xml",
          "note": ""
        },
        {
          "url": "https://congress.gov/bill/119th-congress/house-resolution/22",
          "note": ""
        }
      ]
    }
  },
  {
    "log": {
      "action": {
        "classification": [],
        "date": "2025-04-07T23:06:53+00:00",
        "description": "On agreeing to the resolution Agreed to without objection. (text: CR H1443)",
        "organization_id": "~{\"classification\": \"lower\"}",
        "related_entities": []
      },
      "bill_id": "HCONRES 22"
    },
    "filename": "usa-data-pipeline/country:us/state:usa/sessions/119/bills/HCONRES22/logs/20250407T230653Z_on_agreeing_to_the_resolution_agreed_to_without_objection_text_cr_h1443.json",
    "minimal_metadata": {
      "title": "Authorizing the use of Emancipation Hall in the Capitol Visitor Center for a ceremony to present the Congressional Gold Medals awarded under the 'Six Triple Eight' Congressional Gold Medal Act of 2021.",
      "description": null,
      "sources": [
        {
          "url": "https://www.govinfo.gov/bulkdata/BILLSTATUS/119/hconres/BILLSTATUS-119hconres22.xml",
          "note": ""
        },
        {
          "url": "https://congress.gov/bill/119th-congress/house-resolution/22",
          "note": ""
        }
      ]
    }
  },
  {
    "log": {
      "action": {
        "classification": [],
        "date": "2025-04-07T23:06:07+00:00",
        "description": "Considered by unanimous consent. (consideration: CR H1443: 1)",
        "organization_id": "~{\"classification\": \"lower\"}",
        "related_entities": []
      },
      "bill_id": "HCONRES 22"
    },
    "filename": "usa-data-pipeline/country:us/state:usa/sessions/119/bills/HCONRES22/logs/20250407T230607Z_considered_by_unanimous_consent_consideration_cr_h1443_1.json",
    "minimal_metadata": {
      "title": "Authorizing the use of Emancipation Hall in the Capitol Visitor Center for a ceremony to present the Congressional Gold Medals awarded under the 'Six Triple Eight' Congressional Gold Medal Act of 2021.",
      "description": null,
      "sources": [
        {
          "url": "https://www.govinfo.gov/bulkdata/BILLSTATUS/119/hconres/BILLSTATUS-119hconres22.xml",
          "note": ""
        },
        {
          "url": "https://congress.gov/bill/119th-congress/house-resolution/22",
          "note": ""
        }
      ]
    }
  },
  {
    "log": {
      "action": {
        "classification": [],
        "date": "2025-04-07T23:06:05+00:00",
        "description": "Mr. Steil asked unanimous consent to discharge from committee and consider.",
        "organization_id": "~{\"classification\": \"lower\"}",
        "related_entities": []
      },
      "bill_id": "HCONRES 22"
    },
    "filename": "usa-data-pipeline/country:us/state:usa/sessions/119/bills/HCONRES22/logs/20250407T230605Z_mr_steil_asked_unanimous_consent_to_discharge_from_committee_and_consider.json",
    "minimal_metadata": {
      "title": "Authorizing the use of Emancipation Hall in the Capitol Visitor Center for a ceremony to present the Congressional Gold Medals awarded under the 'Six Triple Eight' Congressional Gold Medal Act of 2021.",
      "description": null,
      "sources": [
        {
          "url": "https://www.govinfo.gov/bulkdata/BILLSTATUS/119/hconres/BILLSTATUS-119hconres22.xml",
          "note": ""
        },
        {
          "url": "https://congress.gov/bill/119th-congress/house-resolution/22",
          "note": ""
        }
      ]
    }
  },
  {
    "log": {
      "action": {
        "classification": [],
        "date": "2025-04-07T04:00:00+00:00",
        "description": "Message on Senate action sent to the House.",
        "organization_id": "~{\"classification\": \"upper\"}",
        "related_entities": []
      },
      "bill_id": "HCONRES 14"
    },
    "filename": "usa-data-pipeline/country:us/state:usa/sessions/119/bills/HCONRES14/logs/20250407T040000Z_message_on_senate_action_sent_to_the_house.json",
    "minimal_metadata": {
      "title": "Establishing the congressional budget for the United States Government for fiscal year 2025 and setting forth the appropriate budgetary levels for fiscal years 2026 through 2034.",
      "description": null,
      "sources": [
        {
          "url": "https://www.govinfo.gov/bulkdata/BILLSTATUS/119/hconres/BILLSTATUS-119hconres14.xml",
          "note": ""
        },
        {
          "url": "https://congress.gov/bill/119th-congress/house-resolution/14",
          "note": ""
        }
      ]
    }
  },
  {
    "log": {
      "action": {
        "classification": [],
        "date": "2025-04-07T04:00:00+00:00",
        "description": "Committee on House Administration discharged.",
        "organization_id": "~{\"classification\": \"lower\"}",
        "related_entities": []
      },
      "bill_id": "HCONRES 22"
    },
    "filename": "usa-data-pipeline/country:us/state:usa/sessions/119/bills/HCONRES22/logs/20250407T040000Z_committee_on_house_administration_discharged.json",
    "minimal_metadata": {
      "title": "Authorizing the use of Emancipation Hall in the Capitol Visitor Center for a ceremony to present the Congressional Gold Medals awarded under the 'Six Triple Eight' Congressional Gold Medal Act of 2021.",
      "description": null,
      "sources": [
        {
          "url": "https://www.govinfo.gov/bulkdata/BILLSTATUS/119/hconres/BILLSTATUS-119hconres22.xml",
          "note": ""
        },
        {
          "url": "https://congress.gov/bill/119th-congress/house-resolution/22",
          "note": ""
        }
      ]
    }
  },
  {
    "log": {
      "action": {
        "classification": [],
        "date": "2025-04-05T04:00:00+00:00",
        "description": "Resolution agreed to in Senate with an amendment by Yea-Nay Vote. 51 - 48. Record Vote Number: 191.",
        "organization_id": "~{\"classification\": \"upper\"}",
        "related_entities": []
      },
      "bill_id": "HCONRES 14"
    },
    "filename": "usa-data-pipeline/country:us/state:usa/sessions/119/bills/HCONRES14/logs/20250405T040000Z_resolution_agreed_to_in_senate_with_an_amendment_by_yeanay_vote_51_48_record_vote_number_191.json",
    "minimal_metadata": {
      "title": "Establishing the congressional budget for the United States Government for fiscal year 2025 and setting forth the appropriate budgetary levels for fiscal years 2026 through 2034.",
      "description": null,
      "sources": [
        {
          "url": "https://www.govinfo.gov/bulkdata/BILLSTATUS/119/hconres/BILLSTATUS-119hconres14.xml",
          "note": ""
        },
        {
          "url": "https://congress.gov/bill/119th-congress/house-resolution/14",
          "note": ""
        }
      ]
    }
  },
  {
    "log": {
      "action": {
        "classification": [],
        "date": "2025-04-04T04:00:00+00:00",
        "description": "Considered by Senate. (consideration: CR S2275-2360: 7)",
        "organization_id": "~{\"classification\": \"upper\"}",
        "related_entities": []
      },
      "bill_id": "HCONRES 14"
    },
    "filename": "usa-data-pipeline/country:us/state:usa/sessions/119/bills/HCONRES14/logs/20250404T040000Z_considered_by_senate_consideration_cr_s22752360_7.json",
    "minimal_metadata": {
      "title": "Establishing the congressional budget for the United States Government for fiscal year 2025 and setting forth the appropriate budgetary levels for fiscal years 2026 through 2034.",
      "description": null,
      "sources": [
        {
          "url": "https://www.govinfo.gov/bulkdata/BILLSTATUS/119/hconres/BILLSTATUS-119hconres14.xml",
          "note": ""
        },
        {
          "url": "https://congress.gov/bill/119th-congress/house-resolution/14",
          "note": ""
        }
      ]
    }
  },
  {
    "log": {
      "action": {
        "classification": [],
        "date": "2025-04-03T04:00:00+00:00",
        "description": "Measure laid before Senate by motion. (consideration: CR S2159-2168)",
        "organization_id": "~{\"classification\": \"upper\"}",
        "related_entities": []
      },
      "bill_id": "HCONRES 14"
    },
    "filename": "usa-data-pipeline/country:us/state:usa/sessions/119/bills/HCONRES14/logs/20250403T040000Z_measure_laid_before_senate_by_motion_consideration_cr_s21592168.json",
    "minimal_metadata": {
      "title": "Establishing the congressional budget for the United States Government for fiscal year 2025 and setting forth the appropriate budgetary levels for fiscal years 2026 through 2034.",
      "description": null,
      "sources": [
        {
          "url": "https://www.govinfo.gov/bulkdata/BILLSTATUS/119/hconres/BILLSTATUS-119hconres14.xml",
          "note": ""
        },
        {
          "url": "https://congress.gov/bill/119th-congress/house-resolution/14",
          "note": ""
        }
      ]
    }
  },
  {
    "log": {
      "action": {
        "classification": [],
        "date": "2025-04-03T04:00:00+00:00",
        "description": "Motion to proceed to consideration of measure agreed to in Senate by Yea-Nay Vote. 52 - 48. Record Vote Number: 169.",
        "organization_id": "~{\"classification\": \"upper\"}",
        "related_entities": []
      },
      "bill_id": "HCONRES 14"
    },
    "filename": "usa-data-pipeline/country:us/state:usa/sessions/119/bills/HCONRES14/logs/20250403T040000Z_motion_to_proceed_to_consideration_of_measure_agreed_to_in_senate_by_yeanay_vote_52_48_record_vote_n.json",
    "minimal_metadata": {
      "title": "Establishing the congressional budget for the United States Government for fiscal year 2025 and setting forth the appropriate budgetary levels for fiscal years 2026 through 2034.",
      "description": null,
      "sources": [
        {
          "url": "https://www.govinfo.gov/bulkdata/BILLSTATUS/119/hconres/BILLSTATUS-119hconres14.xml",
          "note": ""
        },
        {
          "url": "https://congress.gov/bill/119th-congress/house-resolution/14",
          "note": ""
        }
      ]
    }
  },
  {
    "log": {
      "action": {
        "classification": [],
        "date": "2025-04-03T04:00:00+00:00",
        "description": "Motion to proceed to consideration of measure made in Senate. (CR S2159: 5)",
        "organization_id": "~{\"classification\": \"upper\"}",
        "related_entities": []
      },
      "bill_id": "HCONRES 14"
    },
    "filename": "usa-data-pipeline/country:us/state:usa/sessions/119/bills/HCONRES14/logs/20250403T040000Z_motion_to_proceed_to_consideration_of_measure_made_in_senate_cr_s2159_5.json",
    "minimal_metadata": {
      "title": "Establishing the congressional budget for the United States Government for fiscal year 2025 and setting forth the appropriate budgetary levels for fiscal years 2026 through 2034.",
      "description": null,
      "sources": [
        {
          "url": "https://www.govinfo.gov/bulkdata/BILLSTATUS/119/hconres/BILLSTATUS-119hconres14.xml",
          "note": ""
        },
        {
          "url": "https://congress.gov/bill/119th-congress/house-resolution/14",
          "note": ""
        }
      ]
    }
  },
  {
    "log": {
      "action": {
        "classification": [],
        "date": "2025-04-02T04:00:00+00:00",
        "description": "Received in the Senate. Placed on Senate Legislative Calendar under General Orders. Calendar No. 38.",
        "organization_id": "~{\"classification\": \"upper\"}",
        "related_entities": []
      },
      "bill_id": "HCONRES 14"
    },
    "filename": "usa-data-pipeline/country:us/state:usa/sessions/119/bills/HCONRES14/logs/20250402T040000Z_received_in_the_senate_placed_on_senate_legislative_calendar_under_general_orders_calendar_no_38.json",
    "minimal_metadata": {
      "title": "Establishing the congressional budget for the United States Government for fiscal year 2025 and setting forth the appropriate budgetary levels for fiscal years 2026 through 2034.",
      "description": null,
      "sources": [
        {
          "url": "https://www.govinfo.gov/bulkdata/BILLSTATUS/119/hconres/BILLSTATUS-119hconres14.xml",
          "note": ""
        },
        {
          "url": "https://congress.gov/bill/119th-congress/house-resolution/14",
          "note": ""
        }
      ]
    }
  },
  {
    "log": {
      "action": {
        "classification": [
          "referral-committee"
        ],
        "date": "2025-04-01T04:00:00+00:00",
        "description": "Referred to the House Committee on House Administration.",
        "organization_id": "~{\"classification\": \"lower\"}",
        "related_entities": []
      },
      "bill_id": "HCONRES 24"
    },
    "filename": "usa-data-pipeline/country:us/state:usa/sessions/119/bills/HCONRES24/logs/20250401T040000Z_referred_to_the_house_committee_on_house_administration.json",
    "minimal_metadata": {
      "title": "Authorizing the use of Emancipation Hall in the Capitol Visitor Center for an event to celebrate the birthday of King Kamehameha I.",
      "description": null,
      "sources": [
        {
          "url": "https://www.govinfo.gov/bulkdata/BILLSTATUS/119/hconres/BILLSTATUS-119hconres24.xml",
          "note": ""
        },
        {
          "url": "https://congress.gov/bill/119th-congress/house-resolution/24",
          "note": ""
        }
      ]
    }
  },
  {
    "log": {
      "action": {
        "classification": [
          "referral-committee"
        ],
        "date": "2025-04-01T04:00:00+00:00",
        "description": "Submitted in House",
        "organization_id": "~{\"classification\": \"lower\"}",
        "related_entities": []
      },
      "bill_id": "HCONRES 24"
    },
    "filename": "usa-data-pipeline/country:us/state:usa/sessions/119/bills/HCONRES24/logs/20250401T040000Z_submitted_in_house.json",
    "minimal_metadata": {
      "title": "Authorizing the use of Emancipation Hall in the Capitol Visitor Center for an event to celebrate the birthday of King Kamehameha I.",
      "description": null,
      "sources": [
        {
          "url": "https://www.govinfo.gov/bulkdata/BILLSTATUS/119/hconres/BILLSTATUS-119hconres24.xml",
          "note": ""
        },
        {
          "url": "https://congress.gov/bill/119th-congress/house-resolution/24",
          "note": ""
        }
      ]
    }
  },
  {
    "log": {
      "action": {
        "classification": [
          "referral-committee"
        ],
        "date": "2025-04-01T04:00:00+00:00",
        "description": "Referred to the House Committee on Ways and Means.",
        "organization_id": "~{\"classification\": \"lower\"}",
        "related_entities": []
      },
      "bill_id": "HCONRES 25"
    },
    "filename": "usa-data-pipeline/country:us/state:usa/sessions/119/bills/HCONRES25/logs/20250401T040000Z_referred_to_the_house_committee_on_ways_and_means.json",
    "minimal_metadata": {
      "title": "Expressing the sense of Congress that Trump administration tariffs on Mexico and Canada are in violation of the United States of America-Mexico-Canada Agreement.",
      "description": null,
      "sources": [
        {
          "url": "https://www.govinfo.gov/bulkdata/BILLSTATUS/119/hconres/BILLSTATUS-119hconres25.xml",
          "note": ""
        },
        {
          "url": "https://congress.gov/bill/119th-congress/house-resolution/25",
          "note": ""
        }
      ]
    }
  },
  {
    "log": {
      "action": {
        "classification": [
          "referral-committee"
        ],
        "date": "2025-04-01T04:00:00+00:00",
        "description": "Submitted in House",
        "organization_id": "~{\"classification\": \"lower\"}",
        "related_entities": []
      },
      "bill_id": "HCONRES 25"
    },
    "filename": "usa-data-pipeline/country:us/state:usa/sessions/119/bills/HCONRES25/logs/20250401T040000Z_submitted_in_house.json",
    "minimal_metadata": {
      "title": "Expressing the sense of Congress that Trump administration tariffs on Mexico and Canada are in violation of the United States of America-Mexico-Canada Agreement.",
      "description": null,
      "sources": [
        {
          "url": "https://www.govinfo.gov/bulkdata/BILLSTATUS/119/hconres/BILLSTATUS-119hconres25.xml",
          "note": ""
        },
        {
          "url": "https://congress.gov/bill/119th-congress/house-resolution/25",
          "note": ""
        }
      ]
    }
  },
  {
    "log": {
      "action": {
        "classification": [
          "referral-committee"
        ],
        "date": "2025-03-31T04:00:00+00:00",
        "description": "Referred to the House Committee on House Administration.",
        "organization_id": "~{\"classification\": \"lower\"}",
        "related_entities": []
      },
      "bill_id": "HCONRES 22"
    },
    "filename": "usa-data-pipeline/country:us/state:usa/sessions/119/bills/HCONRES22/logs/20250331T040000Z_referred_to_the_house_committee_on_house_administration.json",
    "minimal_metadata": {
      "title": "Authorizing the use of Emancipation Hall in the Capitol Visitor Center for a ceremony to present the Congressional Gold Medals awarded under the 'Six Triple Eight' Congressional Gold Medal Act of 2021.",
      "description": null,
      "sources": [
        {
          "url": "https://www.govinfo.gov/bulkdata/BILLSTATUS/119/hconres/BILLSTATUS-119hconres22.xml",
          "note": ""
        },
        {
          "url": "https://congress.gov/bill/119th-congress/house-resolution/22",
          "note": ""
        }
      ]
    }
  },
  {
    "log": {
      "action": {
        "classification": [
          "referral-committee"
        ],
        "date": "2025-03-31T04:00:00+00:00",
        "description": "Submitted in House",
        "organization_id": "~{\"classification\": \"lower\"}",
        "related_entities": []
      },
      "bill_id": "HCONRES 22"
    },
    "filename": "usa-data-pipeline/country:us/state:usa/sessions/119/bills/HCONRES22/logs/20250331T040000Z_submitted_in_house.json",
    "minimal_metadata": {
      "title": "Authorizing the use of Emancipation Hall in the Capitol Visitor Center for a ceremony to present the Congressional Gold Medals awarded under the 'Six Triple Eight' Congressional Gold Medal Act of 2021.",
      "description": null,
      "sources": [
        {
          "url": "https://www.govinfo.gov/bulkdata/BILLSTATUS/119/hconres/BILLSTATUS-119hconres22.xml",
          "note": ""
        },
        {
          "url": "https://congress.gov/bill/119th-congress/house-resolution/22",
          "note": ""
        }
      ]
    }
  },
  {
    "log": {
      "action": {
        "classification": [
          "referral-committee"
        ],
        "date": "2025-03-31T04:00:00+00:00",
        "description": "Referred to the House Committee on the Judiciary.",
        "organization_id": "~{\"classification\": \"lower\"}",
        "related_entities": []
      },
      "bill_id": "HCONRES 23"
    },
    "filename": "usa-data-pipeline/country:us/state:usa/sessions/119/bills/HCONRES23/logs/20250331T040000Z_referred_to_the_house_committee_on_the_judiciary.json",
    "minimal_metadata": {
      "title": "Supporting the goals and ideals of International Transgender Day of Visibility.",
      "description": null,
      "sources": [
        {
          "url": "https://www.govinfo.gov/bulkdata/BILLSTATUS/119/hconres/BILLSTATUS-119hconres23.xml",
          "note": ""
        },
        {
          "url": "https://congress.gov/bill/119th-congress/house-resolution/23",
          "note": ""
        }
      ]
    }
  },
  {
    "log": {
      "action": {
        "classification": [
          "referral-committee"
        ],
        "date": "2025-03-31T04:00:00+00:00",
        "description": "Submitted in House",
        "organization_id": "~{\"classification\": \"lower\"}",
        "related_entities": []
      },
      "bill_id": "HCONRES 23"
    },
    "filename": "usa-data-pipeline/country:us/state:usa/sessions/119/bills/HCONRES23/logs/20250331T040000Z_submitted_in_house.json",
    "minimal_metadata": {
      "title": "Supporting the goals and ideals of International Transgender Day of Visibility.",
      "description": null,
      "sources": [
        {
          "url": "https://www.govinfo.gov/bulkdata/BILLSTATUS/119/hconres/BILLSTATUS-119hconres23.xml",
          "note": ""
        },
        {
          "url": "https://congress.gov/bill/119th-congress/house-resolution/23",
          "note": ""
        }
      ]
    }
  },
  {
    "log": {
      "action": {
        "classification": [
          "referral-committee"
        ],
        "date": "2025-03-25T04:00:00+00:00",
        "description": "Referred to the House Committee on Education and Workforce.",
        "organization_id": "~{\"classification\": \"lower\"}",
        "related_entities": []
      },
      "bill_id": "HCONRES 21"
    },
    "filename": "usa-data-pipeline/country:us/state:usa/sessions/119/bills/HCONRES21/logs/20250325T040000Z_referred_to_the_house_committee_on_education_and_workforce.json",
    "minimal_metadata": {
      "title": "Recognizing the significance of equal pay and the disparity between wages paid to men and women.",
      "description": null,
      "sources": [
        {
          "url": "https://www.govinfo.gov/bulkdata/BILLSTATUS/119/hconres/BILLSTATUS-119hconres21.xml",
          "note": ""
        },
        {
          "url": "https://congress.gov/bill/119th-congress/house-resolution/21",
          "note": ""
        }
      ]
    }
  },
  {
    "log": {
      "action": {
        "classification": [
          "referral-committee"
        ],
        "date": "2025-03-25T04:00:00+00:00",
        "description": "Submitted in House",
        "organization_id": "~{\"classification\": \"lower\"}",
        "related_entities": []
      },
      "bill_id": "HCONRES 21"
    },
    "filename": "usa-data-pipeline/country:us/state:usa/sessions/119/bills/HCONRES21/logs/20250325T040000Z_submitted_in_house.json",
    "minimal_metadata": {
      "title": "Recognizing the significance of equal pay and the disparity between wages paid to men and women.",
      "description": null,
      "sources": [
        {
          "url": "https://www.govinfo.gov/bulkdata/BILLSTATUS/119/hconres/BILLSTATUS-119hconres21.xml",
          "note": ""
        },
        {
          "url": "https://congress.gov/bill/119th-congress/house-resolution/21",
          "note": ""
        }
      ]
    }
  },
  {
    "log": {
      "action": {
        "classification": [
          "referral-committee"
        ],
        "date": "2025-03-24T04:00:00+00:00",
        "description": "Referred to the House Committee on House Administration.",
        "organization_id": "~{\"classification\": \"lower\"}",
        "related_entities": []
      },
      "bill_id": "HCONRES 20"
    },
    "filename": "usa-data-pipeline/country:us/state:usa/sessions/119/bills/HCONRES20/logs/20250324T040000Z_referred_to_the_house_committee_on_house_administration.json",
    "minimal_metadata": {
      "title": "Establishing the Congressional Fitness Challenge, and for other purposes.",
      "description": null,
      "sources": [
        {
          "url": "https://www.govinfo.gov/bulkdata/BILLSTATUS/119/hconres/BILLSTATUS-119hconres20.xml",
          "note": ""
        },
        {
          "url": "https://congress.gov/bill/119th-congress/house-resolution/20",
          "note": ""
        }
      ]
    }
  },
  {
    "log": {
      "action": {
        "classification": [
          "referral-committee"
        ],
        "date": "2025-03-24T04:00:00+00:00",
        "description": "Submitted in House",
        "organization_id": "~{\"classification\": \"lower\"}",
        "related_entities": []
      },
      "bill_id": "HCONRES 20"
    },
    "filename": "usa-data-pipeline/country:us/state:usa/sessions/119/bills/HCONRES20/logs/20250324T040000Z_submitted_in_house.json",
    "minimal_metadata": {
      "title": "Establishing the Congressional Fitness Challenge, and for other purposes.",
      "description": null,
      "sources": [
        {
          "url": "https://www.govinfo.gov/bulkdata/BILLSTATUS/119/hconres/BILLSTATUS-119hconres20.xml",
          "note": ""
        },
        {
          "url": "https://congress.gov/bill/119th-congress/house-resolution/20",
          "note": ""
        }
      ]
    }
  },
  {
    "log": {
      "action": {
        "classification": [],
        "date": "2025-03-17T04:00:00+00:00",
        "description": "Message on Senate action sent to the House.",
        "organization_id": "~{\"classification\": \"upper\"}",
        "related_entities": []
      },
      "bill_id": "HCONRES 17"
    },
    "filename": "usa-data-pipeline/country:us/state:usa/sessions/119/bills/HCONRES17/logs/20250317T040000Z_message_on_senate_action_sent_to_the_house.json",
    "minimal_metadata": {
      "title": "Authorizing the use of Emancipation Hall in the Capitol Visitor Center for a ceremony as part of the commemoration of the days of remembrance of victims of the Holocaust.",
      "description": null,
      "sources": [
        {
          "url": "https://www.govinfo.gov/bulkdata/BILLSTATUS/119/hconres/BILLSTATUS-119hconres17.xml",
          "note": ""
        },
        {
          "url": "https://congress.gov/bill/119th-congress/house-resolution/17",
          "note": ""
        }
      ]
    }
  },
  {
    "log": {
      "action": {
        "classification": [],
        "date": "2025-03-14T04:00:00+00:00",
        "description": "Resolution agreed to in Senate without amendment by Unanimous Consent. (consideration: CR S1786)",
        "organization_id": "~{\"classification\": \"upper\"}",
        "related_entities": []
      },
      "bill_id": "HCONRES 17"
    },
    "filename": "usa-data-pipeline/country:us/state:usa/sessions/119/bills/HCONRES17/logs/20250314T040000Z_resolution_agreed_to_in_senate_without_amendment_by_unanimous_consent_consideration_cr_s1786.json",
    "minimal_metadata": {
      "title": "Authorizing the use of Emancipation Hall in the Capitol Visitor Center for a ceremony as part of the commemoration of the days of remembrance of victims of the Holocaust.",
      "description": null,
      "sources": [
        {
          "url": "https://www.govinfo.gov/bulkdata/BILLSTATUS/119/hconres/BILLSTATUS-119hconres17.xml",
          "note": ""
        },
        {
          "url": "https://congress.gov/bill/119th-congress/house-resolution/17",
          "note": ""
        }
      ]
    }
  },
  {
    "log": {
      "action": {
        "classification": [],
        "date": "2025-03-11T04:00:00+00:00",
        "description": "Received in the Senate.",
        "organization_id": "~{\"classification\": \"upper\"}",
        "related_entities": []
      },
      "bill_id": "HCONRES 17"
    },
    "filename": "usa-data-pipeline/country:us/state:usa/sessions/119/bills/HCONRES17/logs/20250311T040000Z_received_in_the_senate.json",
    "minimal_metadata": {
      "title": "Authorizing the use of Emancipation Hall in the Capitol Visitor Center for a ceremony as part of the commemoration of the days of remembrance of victims of the Holocaust.",
      "description": null,
      "sources": [
        {
          "url": "https://www.govinfo.gov/bulkdata/BILLSTATUS/119/hconres/BILLSTATUS-119hconres17.xml",
          "note": ""
        },
        {
          "url": "https://congress.gov/bill/119th-congress/house-resolution/17",
          "note": ""
        }
      ]
    }
  },
  {
    "log": {
      "action": {
        "classification": [
          "referral-committee"
        ],
        "date": "2025-03-11T04:00:00+00:00",
        "description": "Referred to the House Committee on Oversight and Government Reform.",
        "organization_id": "~{\"classification\": \"lower\"}",
        "related_entities": []
      },
      "bill_id": "HCONRES 19"
    },
    "filename": "usa-data-pipeline/country:us/state:usa/sessions/119/bills/HCONRES19/logs/20250311T040000Z_referred_to_the_house_committee_on_oversight_and_government_reform.json",
    "minimal_metadata": {
      "title": "Recognizing the essential work of the League of Oregon Cities.",
      "description": null,
      "sources": [
        {
          "url": "https://www.govinfo.gov/bulkdata/BILLSTATUS/119/hconres/BILLSTATUS-119hconres19.xml",
          "note": ""
        },
        {
          "url": "https://congress.gov/bill/119th-congress/house-resolution/19",
          "note": ""
        }
      ]
    }
  },
  {
    "log": {
      "action": {
        "classification": [
          "referral-committee"
        ],
        "date": "2025-03-11T04:00:00+00:00",
        "description": "Submitted in House",
        "organization_id": "~{\"classification\": \"lower\"}",
        "related_entities": []
      },
      "bill_id": "HCONRES 19"
    },
    "filename": "usa-data-pipeline/country:us/state:usa/sessions/119/bills/HCONRES19/logs/20250311T040000Z_submitted_in_house.json",
    "minimal_metadata": {
      "title": "Recognizing the essential work of the League of Oregon Cities.",
      "description": null,
      "sources": [
        {
          "url": "https://www.govinfo.gov/bulkdata/BILLSTATUS/119/hconres/BILLSTATUS-119hconres19.xml",
          "note": ""
        },
        {
          "url": "https://congress.gov/bill/119th-congress/house-resolution/19",
          "note": ""
        }
      ]
    }
  },
  {
    "log": {
      "action": {
        "classification": [],
        "date": "2025-03-10T23:09:21+00:00",
        "description": "Motion to reconsider laid on the table Agreed to without objection.",
        "organization_id": "~{\"classification\": \"lower\"}",
        "related_entities": []
      },
      "bill_id": "HCONRES 17"
    },
    "filename": "usa-data-pipeline/country:us/state:usa/sessions/119/bills/HCONRES17/logs/20250310T230921Z_motion_to_reconsider_laid_on_the_table_agreed_to_without_objection.json",
    "minimal_metadata": {
      "title": "Authorizing the use of Emancipation Hall in the Capitol Visitor Center for a ceremony as part of the commemoration of the days of remembrance of victims of the Holocaust.",
      "description": null,
      "sources": [
        {
          "url": "https://www.govinfo.gov/bulkdata/BILLSTATUS/119/hconres/BILLSTATUS-119hconres17.xml",
          "note": ""
        },
        {
          "url": "https://congress.gov/bill/119th-congress/house-resolution/17",
          "note": ""
        }
      ]
    }
  },
  {
    "log": {
      "action": {
        "classification": [],
        "date": "2025-03-10T23:09:18+00:00",
        "description": "On agreeing to the resolution Agreed to without objection. (text: CR H1060)",
        "organization_id": "~{\"classification\": \"lower\"}",
        "related_entities": []
      },
      "bill_id": "HCONRES 17"
    },
    "filename": "usa-data-pipeline/country:us/state:usa/sessions/119/bills/HCONRES17/logs/20250310T230918Z_on_agreeing_to_the_resolution_agreed_to_without_objection_text_cr_h1060.json",
    "minimal_metadata": {
      "title": "Authorizing the use of Emancipation Hall in the Capitol Visitor Center for a ceremony as part of the commemoration of the days of remembrance of victims of the Holocaust.",
      "description": null,
      "sources": [
        {
          "url": "https://www.govinfo.gov/bulkdata/BILLSTATUS/119/hconres/BILLSTATUS-119hconres17.xml",
          "note": ""
        },
        {
          "url": "https://congress.gov/bill/119th-congress/house-resolution/17",
          "note": ""
        }
      ]
    }
  },
  {
    "log": {
      "action": {
        "classification": [],
        "date": "2025-03-10T23:08:58+00:00",
        "description": "Considered by unanimous consent. (consideration: CR H1060)",
        "organization_id": "~{\"classification\": \"lower\"}",
        "related_entities": []
      },
      "bill_id": "HCONRES 17"
    },
    "filename": "usa-data-pipeline/country:us/state:usa/sessions/119/bills/HCONRES17/logs/20250310T230858Z_considered_by_unanimous_consent_consideration_cr_h1060.json",
    "minimal_metadata": {
      "title": "Authorizing the use of Emancipation Hall in the Capitol Visitor Center for a ceremony as part of the commemoration of the days of remembrance of victims of the Holocaust.",
      "description": null,
      "sources": [
        {
          "url": "https://www.govinfo.gov/bulkdata/BILLSTATUS/119/hconres/BILLSTATUS-119hconres17.xml",
          "note": ""
        },
        {
          "url": "https://congress.gov/bill/119th-congress/house-resolution/17",
          "note": ""
        }
      ]
    }
  },
  {
    "log": {
      "action": {
        "classification": [],
        "date": "2025-03-10T23:08:52+00:00",
        "description": "Mr. Steil asked unanimous consent to discharge from committee and consider.",
        "organization_id": "~{\"classification\": \"lower\"}",
        "related_entities": []
      },
      "bill_id": "HCONRES 17"
    },
    "filename": "usa-data-pipeline/country:us/state:usa/sessions/119/bills/HCONRES17/logs/20250310T230852Z_mr_steil_asked_unanimous_consent_to_discharge_from_committee_and_consider.json",
    "minimal_metadata": {
      "title": "Authorizing the use of Emancipation Hall in the Capitol Visitor Center for a ceremony as part of the commemoration of the days of remembrance of victims of the Holocaust.",
      "description": null,
      "sources": [
        {
          "url": "https://www.govinfo.gov/bulkdata/BILLSTATUS/119/hconres/BILLSTATUS-119hconres17.xml",
          "note": ""
        },
        {
          "url": "https://congress.gov/bill/119th-congress/house-resolution/17",
          "note": ""
        }
      ]
    }
  },
  {
    "log": {
      "action": {
        "classification": [],
        "date": "2025-03-10T04:00:00+00:00",
        "description": "Committee on House Administration discharged.",
        "organization_id": "~{\"classification\": \"lower\"}",
        "related_entities": []
      },
      "bill_id": "HCONRES 17"
    },
    "filename": "usa-data-pipeline/country:us/state:usa/sessions/119/bills/HCONRES17/logs/20250310T040000Z_committee_on_house_administration_discharged.json",
    "minimal_metadata": {
      "title": "Authorizing the use of Emancipation Hall in the Capitol Visitor Center for a ceremony as part of the commemoration of the days of remembrance of victims of the Holocaust.",
      "description": null,
      "sources": [
        {
          "url": "https://www.govinfo.gov/bulkdata/BILLSTATUS/119/hconres/BILLSTATUS-119hconres17.xml",
          "note": ""
        },
        {
          "url": "https://congress.gov/bill/119th-congress/house-resolution/17",
          "note": ""
        }
      ]
    }
  },
  {
    "log": {
      "action": {
        "classification": [
          "referral-committee"
        ],
        "date": "2025-03-10T04:00:00+00:00",
        "description": "Referred to the Committee on Energy and Commerce, and in addition to the Committee on the Judiciary, for a period to be subsequently determined by the Speaker, in each case for consideration of such provisions as fall within the jurisdiction of the committee concerned.",
        "organization_id": "~{\"classification\": \"lower\"}",
        "related_entities": []
      },
      "bill_id": "HCONRES 18"
    },
    "filename": "usa-data-pipeline/country:us/state:usa/sessions/119/bills/HCONRES18/logs/20250310T040000Z_referred_to_the_committee_on_energy_and_commerce_and_in_addition_to_the_committee_on_the_judiciary_f.json",
    "minimal_metadata": {
      "title": "Expressing support for the recognition of March 10, 2025, as \"Abortion Provider Appreciation Day\".",
      "description": null,
      "sources": [
        {
          "url": "https://www.govinfo.gov/bulkdata/BILLSTATUS/119/hconres/BILLSTATUS-119hconres18.xml",
          "note": ""
        },
        {
          "url": "https://congress.gov/bill/119th-congress/house-resolution/18",
          "note": ""
        }
      ]
    }
  },
  {
    "log": {
      "action": {
        "classification": [
          "referral-committee"
        ],
        "date": "2025-03-10T04:00:00+00:00",
        "description": "Submitted in House",
        "organization_id": "~{\"classification\": \"lower\"}",
        "related_entities": []
      },
      "bill_id": "HCONRES 18"
    },
    "filename": "usa-data-pipeline/country:us/state:usa/sessions/119/bills/HCONRES18/logs/20250310T040000Z_submitted_in_house.json",
    "minimal_metadata": {
      "title": "Expressing support for the recognition of March 10, 2025, as \"Abortion Provider Appreciation Day\".",
      "description": null,
      "sources": [
        {
          "url": "https://www.govinfo.gov/bulkdata/BILLSTATUS/119/hconres/BILLSTATUS-119hconres18.xml",
          "note": ""
        },
        {
          "url": "https://congress.gov/bill/119th-congress/house-resolution/18",
          "note": ""
        }
      ]
    }
  },
  {
    "log": {
      "action": {
        "classification": [
          "referral-committee"
        ],
        "date": "2025-03-05T05:00:00+00:00",
        "description": "Referred to the House Committee on House Administration.",
        "organization_id": "~{\"classification\": \"lower\"}",
        "related_entities": []
      },
      "bill_id": "HCONRES 17"
    },
    "filename": "usa-data-pipeline/country:us/state:usa/sessions/119/bills/HCONRES17/logs/20250305T050000Z_referred_to_the_house_committee_on_house_administration.json",
    "minimal_metadata": {
      "title": "Authorizing the use of Emancipation Hall in the Capitol Visitor Center for a ceremony as part of the commemoration of the days of remembrance of victims of the Holocaust.",
      "description": null,
      "sources": [
        {
          "url": "https://www.govinfo.gov/bulkdata/BILLSTATUS/119/hconres/BILLSTATUS-119hconres17.xml",
          "note": ""
        },
        {
          "url": "https://congress.gov/bill/119th-congress/house-resolution/17",
          "note": ""
        }
      ]
    }
  },
  {
    "log": {
      "action": {
        "classification": [
          "referral-committee"
        ],
        "date": "2025-02-27T05:00:00+00:00",
        "description": "Referred to the House Committee on the Judiciary.",
        "organization_id": "~{\"classification\": \"lower\"}",
        "related_entities": []
      },
      "bill_id": "HCONRES 16"
    },
    "filename": "usa-data-pipeline/country:us/state:usa/sessions/119/bills/HCONRES16/logs/20250227T050000Z_referred_to_the_house_committee_on_the_judiciary.json",
    "minimal_metadata": {
      "title": "Providing for a joint session of the Congress in Philadelphia, Pennsylvania, on Thursday, July 2, 2026, in honor of the semiquincentennial of the Declaration of Independence.",
      "description": null,
      "sources": [
        {
          "url": "https://www.govinfo.gov/bulkdata/BILLSTATUS/119/hconres/BILLSTATUS-119hconres16.xml",
          "note": ""
        },
        {
          "url": "https://congress.gov/bill/119th-congress/house-resolution/16",
          "note": ""
        }
      ]
    }
  },
  {
    "log": {
      "action": {
        "classification": [],
        "date": "2025-02-26T01:22:05+00:00",
        "description": "On agreeing to the resolution, as amended Agreed to by the Yeas and Nays: 217 - 215 (Roll no. 50). (text: CR H818-823)",
        "organization_id": "~{\"classification\": \"lower\"}",
        "related_entities": []
      },
      "bill_id": "HCONRES 14"
    },
    "filename": "usa-data-pipeline/country:us/state:usa/sessions/119/bills/HCONRES14/logs/20250226T012205Z_on_agreeing_to_the_resolution_as_amended_agreed_to_by_the_yeas_and_nays_217_215_roll_no_50_text_cr_h.json",
    "minimal_metadata": {
      "title": "Establishing the congressional budget for the United States Government for fiscal year 2025 and setting forth the appropriate budgetary levels for fiscal years 2026 through 2034.",
      "description": null,
      "sources": [
        {
          "url": "https://www.govinfo.gov/bulkdata/BILLSTATUS/119/hconres/BILLSTATUS-119hconres14.xml",
          "note": ""
        },
        {
          "url": "https://congress.gov/bill/119th-congress/house-resolution/14",
          "note": ""
        }
      ]
    }
  },
  {
    "log": {
      "action": {
        "classification": [],
        "date": "2025-02-26T00:40:53+00:00",
        "description": "Considered as unfinished business. (consideration: CR H824-825)",
        "organization_id": "~{\"classification\": \"lower\"}",
        "related_entities": []
      },
      "bill_id": "HCONRES 14"
    },
    "filename": "usa-data-pipeline/country:us/state:usa/sessions/119/bills/HCONRES14/logs/20250226T004053Z_considered_as_unfinished_business_consideration_cr_h824825.json",
    "minimal_metadata": {
      "title": "Establishing the congressional budget for the United States Government for fiscal year 2025 and setting forth the appropriate budgetary levels for fiscal years 2026 through 2034.",
      "description": null,
      "sources": [
        {
          "url": "https://www.govinfo.gov/bulkdata/BILLSTATUS/119/hconres/BILLSTATUS-119hconres14.xml",
          "note": ""
        },
        {
          "url": "https://congress.gov/bill/119th-congress/house-resolution/14",
          "note": ""
        }
      ]
    }
  },
  {
    "log": {
      "action": {
        "classification": [],
        "date": "2025-02-26T00:40:52+00:00",
        "description": "Pursuant to clause 1(c) of rule XIX, the House resumed consideration of H. Con. Res. 14.",
        "organization_id": "~{\"classification\": \"lower\"}",
        "related_entities": []
      },
      "bill_id": "HCONRES 14"
    },
    "filename": "usa-data-pipeline/country:us/state:usa/sessions/119/bills/HCONRES14/logs/20250226T004052Z_pursuant_to_clause_1c_of_rule_xix_the_house_resumed_consideration_of_h_con_res_14.json",
    "minimal_metadata": {
      "title": "Establishing the congressional budget for the United States Government for fiscal year 2025 and setting forth the appropriate budgetary levels for fiscal years 2026 through 2034.",
      "description": null,
      "sources": [
        {
          "url": "https://www.govinfo.gov/bulkdata/BILLSTATUS/119/hconres/BILLSTATUS-119hconres14.xml",
          "note": ""
        },
        {
          "url": "https://congress.gov/bill/119th-congress/house-resolution/14",
          "note": ""
        }
      ]
    }
  },
  {
    "log": {
      "action": {
        "classification": [],
        "date": "2025-02-26",
        "description": "Appointment Confirmed",
        "organization_id": "~{\"classification\": \"upper\"}",
        "related_entities": []
      },
      "bill_id": "AM1030372"
    },
    "filename": "il-data-pipeline/country:us/state:il/sessions/104th/bills/AM1030372/logs/20250226T000000Z_appointment_confirmed.json",
    "minimal_metadata": {
      "title": "APPOINT-NEEMA JHA",
      "description": null,
      "sources": [
        {
          "url": "https://ilga.gov/Legislation/BillStatus?DocNum=1030372&GAID=18&DocTypeID=AM&LegId=157835&SessionID=114",
          "note": ""
        }
      ]
    }
  },
  {
    "log": {
      "action": {
        "classification": [],
        "date": "2025-02-26",
        "description": "Do Consent Passed 053-000-000",
        "organization_id": "~{\"classification\": \"upper\"}",
        "related_entities": []
      },
      "bill_id": "AM1030372"
    },
    "filename": "il-data-pipeline/country:us/state:il/sessions/104th/bills/AM1030372/logs/20250226T000000Z_do_consent_passed_053000000.json",
    "minimal_metadata": {
      "title": "APPOINT-NEEMA JHA",
      "description": null,
      "sources": [
        {
          "url": "https://ilga.gov/Legislation/BillStatus?DocNum=1030372&GAID=18&DocTypeID=AM&LegId=157835&SessionID=114",
          "note": ""
        }
      ]
    }
  },
  {
    "log": {
      "action": {
        "classification": [],
        "date": "2025-02-26",
        "description": "Appointment Confirmed",
        "organization_id": "~{\"classification\": \"upper\"}",
        "related_entities": []
      },
      "bill_id": "AM1030399"
    },
    "filename": "il-data-pipeline/country:us/state:il/sessions/104th/bills/AM1030399/logs/20250226T000000Z_appointment_confirmed.json",
    "minimal_metadata": {
      "title": "APPOINT-JENNIFER L. AKHTER",
      "description": null,
      "sources": [
        {
          "url": "https://ilga.gov/Legislation/BillStatus?DocNum=1030399&GAID=18&DocTypeID=AM&LegId=157841&SessionID=114",
          "note": ""
        }
      ]
    }
  },
  {
    "log": {
      "action": {
        "classification": [],
        "date": "2025-02-26",
        "description": "Do Consent Passed 054-000-000",
        "organization_id": "~{\"classification\": \"upper\"}",
        "related_entities": []
      },
      "bill_id": "AM1030399"
    },
    "filename": "il-data-pipeline/country:us/state:il/sessions/104th/bills/AM1030399/logs/20250226T000000Z_do_consent_passed_054000000.json",
    "minimal_metadata": {
      "title": "APPOINT-JENNIFER L. AKHTER",
      "description": null,
      "sources": [
        {
          "url": "https://ilga.gov/Legislation/BillStatus?DocNum=1030399&GAID=18&DocTypeID=AM&LegId=157841&SessionID=114",
          "note": ""
        }
      ]
    }
  },
  {
    "log": {
      "action": {
        "classification": [],
        "date": "2025-02-26",
        "description": "Motion Filed Appointment Messages Be Acted on Together Sen. Laura M. Murphy;  AM 1030399 (Amusement Ride and Attraction safety Board)\r\nAMs 1030406, 1030407 (Illinois Forensic Science Commission)\r\nAMs 1030408, 1030419, 1030436 (Health Benefits Exchange Advisory Committee)\r\nAM 1030411 (Illinois Housing Development Authority)\r\nAM 1030412 (Illinois State Medical Board)\r\nAMs 1030413, 1030415, 1030421, 1030426 (Illinois State Museum Board)\r\nAM 1030424 (Blue Ribbon Commission on Transportation Infrastructure Funding and Policy)\r\nAM 1030416 (Illinois Student Assistance Commission)\r\nAM1030425 (Southwestern Illinois Development Authority)\r\nAM 1030427 (Commission on Discrimination and Hate Crimes)\r\nAMs 1030428, 1030432, 1030437 (Capital Development Board)\r\nAM 1030430 (State Board of Health)\r\nAM 1030433 (Energy Workforce Advisory Council)\r\nAM 1030434 (Criminal Justice Information Authority)",
        "organization_id": "~{\"classification\": \"upper\"}",
        "related_entities": []
      },
      "bill_id": "AM1030399"
    },
    "filename": "il-data-pipeline/country:us/state:il/sessions/104th/bills/AM1030399/logs/20250226T000000Z_motion_filed_appointment_messages_be_acted_on_together_sen_laura_m_murphy_am_1030399_amusement_ride_.json",
    "minimal_metadata": {
      "title": "APPOINT-JENNIFER L. AKHTER",
      "description": null,
      "sources": [
        {
          "url": "https://ilga.gov/Legislation/BillStatus?DocNum=1030399&GAID=18&DocTypeID=AM&LegId=157841&SessionID=114",
          "note": ""
        }
      ]
    }
  },
  {
    "log": {
      "action": {
        "classification": [],
        "date": "2025-02-26",
        "description": "Motion Prevailed",
        "organization_id": "~{\"classification\": \"upper\"}",
        "related_entities": []
      },
      "bill_id": "AM1030399"
    },
    "filename": "il-data-pipeline/country:us/state:il/sessions/104th/bills/AM1030399/logs/20250226T000000Z_motion_prevailed.json",
    "minimal_metadata": {
      "title": "APPOINT-JENNIFER L. AKHTER",
      "description": null,
      "sources": [
        {
          "url": "https://ilga.gov/Legislation/BillStatus?DocNum=1030399&GAID=18&DocTypeID=AM&LegId=157841&SessionID=114",
          "note": ""
        }
      ]
    }
  },
  {
    "log": {
      "action": {
        "classification": [],
        "date": "2025-02-26",
        "description": "Pursuant to Senate Rule 10-1(c), move to compile the following AM's",
        "organization_id": "~{\"classification\": \"upper\"}",
        "related_entities": []
      },
      "bill_id": "AM1030399"
    },
    "filename": "il-data-pipeline/country:us/state:il/sessions/104th/bills/AM1030399/logs/20250226T000000Z_pursuant_to_senate_rule_101c_move_to_compile_the_following_ams.json",
    "minimal_metadata": {
      "title": "APPOINT-JENNIFER L. AKHTER",
      "description": null,
      "sources": [
        {
          "url": "https://ilga.gov/Legislation/BillStatus?DocNum=1030399&GAID=18&DocTypeID=AM&LegId=157841&SessionID=114",
          "note": ""
        }
      ]
    }
  },
  {
    "log": {
      "action": {
        "classification": [],
        "date": "2025-02-26",
        "description": "Appointment Confirmed",
        "organization_id": "~{\"classification\": \"upper\"}",
        "related_entities": []
      },
      "bill_id": "AM1030400"
    },
    "filename": "il-data-pipeline/country:us/state:il/sessions/104th/bills/AM1030400/logs/20250226T000000Z_appointment_confirmed.json",
    "minimal_metadata": {
      "title": "APPOINT-LIONEL R. CRAFT",
      "description": null,
      "sources": [
        {
          "url": "https://ilga.gov/Legislation/BillStatus?DocNum=1030400&GAID=18&DocTypeID=AM&LegId=157843&SessionID=114",
          "note": ""
        }
      ]
    }
  },
  {
    "log": {
      "action": {
        "classification": [],
        "date": "2025-02-26",
        "description": "Do Consent Passed 054-000-000",
        "organization_id": "~{\"classification\": \"upper\"}",
        "related_entities": []
      },
      "bill_id": "AM1030400"
    },
    "filename": "il-data-pipeline/country:us/state:il/sessions/104th/bills/AM1030400/logs/20250226T000000Z_do_consent_passed_054000000.json",
    "minimal_metadata": {
      "title": "APPOINT-LIONEL R. CRAFT",
      "description": null,
      "sources": [
        {
          "url": "https://ilga.gov/Legislation/BillStatus?DocNum=1030400&GAID=18&DocTypeID=AM&LegId=157843&SessionID=114",
          "note": ""
        }
      ]
    }
  },
  {
    "log": {
      "action": {
        "classification": [],
        "date": "2025-02-26",
        "description": "Appointment Confirmed",
        "organization_id": "~{\"classification\": \"upper\"}",
        "related_entities": []
      },
      "bill_id": "AM1030401"
    },
    "filename": "il-data-pipeline/country:us/state:il/sessions/104th/bills/AM1030401/logs/20250226T000000Z_appointment_confirmed.json",
    "minimal_metadata": {
      "title": "APPOINT-JOSEPH JOHN DUFFY",
      "description": null,
      "sources": [
        {
          "url": "https://ilga.gov/Legislation/BillStatus?DocNum=1030401&GAID=18&DocTypeID=AM&LegId=157844&SessionID=114",
          "note": ""
        }
      ]
    }
  },
  {
    "log": {
      "action": {
        "classification": [],
        "date": "2025-02-26",
        "description": "Do Consent Passed 054-000-000",
        "organization_id": "~{\"classification\": \"upper\"}",
        "related_entities": []
      },
      "bill_id": "AM1030401"
    },
    "filename": "il-data-pipeline/country:us/state:il/sessions/104th/bills/AM1030401/logs/20250226T000000Z_do_consent_passed_054000000.json",
    "minimal_metadata": {
      "title": "APPOINT-JOSEPH JOHN DUFFY",
      "description": null,
      "sources": [
        {
          "url": "https://ilga.gov/Legislation/BillStatus?DocNum=1030401&GAID=18&DocTypeID=AM&LegId=157844&SessionID=114",
          "note": ""
        }
      ]
    }
  },
  {
    "log": {
      "action": {
        "classification": [],
        "date": "2025-02-26",
        "description": "Appointment Confirmed",
        "organization_id": "~{\"classification\": \"upper\"}",
        "related_entities": []
      },
      "bill_id": "AM1030402"
    },
    "filename": "il-data-pipeline/country:us/state:il/sessions/104th/bills/AM1030402/logs/20250226T000000Z_appointment_confirmed.json",
    "minimal_metadata": {
      "title": "APPOINT-JON H. JOHNSON",
      "description": null,
      "sources": [
        {
          "url": "https://ilga.gov/Legislation/BillStatus?DocNum=1030402&GAID=18&DocTypeID=AM&LegId=157846&SessionID=114",
          "note": ""
        }
      ]
    }
  },
  {
    "log": {
      "action": {
        "classification": [],
        "date": "2025-02-26",
        "description": "Do Consent Passed 054-000-000",
        "organization_id": "~{\"classification\": \"upper\"}",
        "related_entities": []
      },
      "bill_id": "AM1030402"
    },
    "filename": "il-data-pipeline/country:us/state:il/sessions/104th/bills/AM1030402/logs/20250226T000000Z_do_consent_passed_054000000.json",
    "minimal_metadata": {
      "title": "APPOINT-JON H. JOHNSON",
      "description": null,
      "sources": [
        {
          "url": "https://ilga.gov/Legislation/BillStatus?DocNum=1030402&GAID=18&DocTypeID=AM&LegId=157846&SessionID=114",
          "note": ""
        }
      ]
    }
  },
  {
    "log": {
      "action": {
        "classification": [],
        "date": "2025-02-26",
        "description": "Appointment Confirmed",
        "organization_id": "~{\"classification\": \"upper\"}",
        "related_entities": []
      },
      "bill_id": "AM1030403"
    },
    "filename": "il-data-pipeline/country:us/state:il/sessions/104th/bills/AM1030403/logs/20250226T000000Z_appointment_confirmed.json",
    "minimal_metadata": {
      "title": "APPOINT-DOUGLAS P. SCOTT",
      "description": null,
      "sources": [
        {
          "url": "https://ilga.gov/Legislation/BillStatus?DocNum=1030403&GAID=18&DocTypeID=AM&LegId=157848&SessionID=114",
          "note": ""
        }
      ]
    }
  },
  {
    "log": {
      "action": {
        "classification": [],
        "date": "2025-02-26",
        "description": "Do Consent Passed 043-009-000",
        "organization_id": "~{\"classification\": \"upper\"}",
        "related_entities": []
      },
      "bill_id": "AM1030403"
    },
    "filename": "il-data-pipeline/country:us/state:il/sessions/104th/bills/AM1030403/logs/20250226T000000Z_do_consent_passed_043009000.json",
    "minimal_metadata": {
      "title": "APPOINT-DOUGLAS P. SCOTT",
      "description": null,
      "sources": [
        {
          "url": "https://ilga.gov/Legislation/BillStatus?DocNum=1030403&GAID=18&DocTypeID=AM&LegId=157848&SessionID=114",
          "note": ""
        }
      ]
    }
  },
  {
    "log": {
      "action": {
        "classification": [],
        "date": "2025-02-26",
        "description": "Appointment Confirmed",
        "organization_id": "~{\"classification\": \"upper\"}",
        "related_entities": []
      },
      "bill_id": "AM1030405"
    },
    "filename": "il-data-pipeline/country:us/state:il/sessions/104th/bills/AM1030405/logs/20250226T000000Z_appointment_confirmed.json",
    "minimal_metadata": {
      "title": "APPOINT-JULIETA LAMALFA",
      "description": null,
      "sources": [
        {
          "url": "https://ilga.gov/Legislation/BillStatus?DocNum=1030405&GAID=18&DocTypeID=AM&LegId=157849&SessionID=114",
          "note": ""
        }
      ]
    }
  },
  {
    "log": {
      "action": {
        "classification": [],
        "date": "2025-02-26",
        "description": "Do Consent Passed 054-000-000",
        "organization_id": "~{\"classification\": \"upper\"}",
        "related_entities": []
      },
      "bill_id": "AM1030405"
    },
    "filename": "il-data-pipeline/country:us/state:il/sessions/104th/bills/AM1030405/logs/20250226T000000Z_do_consent_passed_054000000.json",
    "minimal_metadata": {
      "title": "APPOINT-JULIETA LAMALFA",
      "description": null,
      "sources": [
        {
          "url": "https://ilga.gov/Legislation/BillStatus?DocNum=1030405&GAID=18&DocTypeID=AM&LegId=157849&SessionID=114",
          "note": ""
        }
      ]
    }
  },
  {
    "log": {
      "action": {
        "classification": [],
        "date": "2025-02-26",
        "description": "Appointment Confirmed",
        "organization_id": "~{\"classification\": \"upper\"}",
        "related_entities": []
      },
      "bill_id": "AM1030406"
    },
    "filename": "il-data-pipeline/country:us/state:il/sessions/104th/bills/AM1030406/logs/20250226T000000Z_appointment_confirmed.json",
    "minimal_metadata": {
      "title": "APPOINT-PONNI ARUNKUMAR",
      "description": null,
      "sources": [
        {
          "url": "https://ilga.gov/Legislation/BillStatus?DocNum=1030406&GAID=18&DocTypeID=AM&LegId=157851&SessionID=114",
          "note": ""
        }
      ]
    }
  },
  {
    "log": {
      "action": {
        "classification": [],
        "date": "2025-02-26",
        "description": "Do Consent Passed 054-000-000",
        "organization_id": "~{\"classification\": \"upper\"}",
        "related_entities": []
      },
      "bill_id": "AM1030406"
    },
    "filename": "il-data-pipeline/country:us/state:il/sessions/104th/bills/AM1030406/logs/20250226T000000Z_do_consent_passed_054000000.json",
    "minimal_metadata": {
      "title": "APPOINT-PONNI ARUNKUMAR",
      "description": null,
      "sources": [
        {
          "url": "https://ilga.gov/Legislation/BillStatus?DocNum=1030406&GAID=18&DocTypeID=AM&LegId=157851&SessionID=114",
          "note": ""
        }
      ]
    }
  },
  {
    "log": {
      "action": {
        "classification": [],
        "date": "2025-02-26",
        "description": "Motion Filed Appointment Messages Be Acted on Together ** Sen. Laura M. Murphy;  AMs 1030406, 1030407 (Illinois Forensic Science Commission)\r\nAMs 1030408, 1030419, 1030436 (Health Benefits Exchange Advisory Committee)\r\nAM 1030411 (Illinois Housing Development Authority)\r\nAM 1030412 (Illinois State Medical Board)\r\nAMs 1030413, 1030415, 1030421, 1030426 (Illinois State Museum Board)\r\nAM 1030424 (Blue Ribbon Commission on Transportation Infrastructure Funding and Policy)\r\nAM 1030416 (Illinois Student Assistance Commission)\r\nAM1030425 (Southwestern Illinois Development Authority)\r\nAM 1030427 (Commission on Discrimination and Hate Crimes)\r\nAMs 1030428, 1030432, 1030437 (Capital Development Board)\r\nAM 1030430 (State Board of Health)\r\nAM 1030433 (Energy Workforce Advisory Council)\r\nAM 1030434 (Criminal Justice Information Authority)",
        "organization_id": "~{\"classification\": \"upper\"}",
        "related_entities": []
      },
      "bill_id": "AM1030406"
    },
    "filename": "il-data-pipeline/country:us/state:il/sessions/104th/bills/AM1030406/logs/20250226T000000Z_motion_filed_appointment_messages_be_acted_on_together_sen_laura_m_murphy_ams_1030406_1030407_illino.json",
    "minimal_metadata": {
      "title": "APPOINT-PONNI ARUNKUMAR",
      "description": null,
      "sources": [
        {
          "url": "https://ilga.gov/Legislation/BillStatus?DocNum=1030406&GAID=18&DocTypeID=AM&LegId=157851&SessionID=114",
          "note": ""
        }
      ]
    }
  },
  {
    "log": {
      "action": {
        "classification": [],
        "date": "2025-02-26",
        "description": "Motion Prevailed",
        "organization_id": "~{\"classification\": \"upper\"}",
        "related_entities": []
      },
      "bill_id": "AM1030406"
    },
    "filename": "il-data-pipeline/country:us/state:il/sessions/104th/bills/AM1030406/logs/20250226T000000Z_motion_prevailed.json",
    "minimal_metadata": {
      "title": "APPOINT-PONNI ARUNKUMAR",
      "description": null,
      "sources": [
        {
          "url": "https://ilga.gov/Legislation/BillStatus?DocNum=1030406&GAID=18&DocTypeID=AM&LegId=157851&SessionID=114",
          "note": ""
        }
      ]
    }
  },
  {
    "log": {
      "action": {
        "classification": [],
        "date": "2025-02-26",
        "description": "Pursuant to Senate Rule 10-1(c), move to compile the following AM's",
        "organization_id": "~{\"classification\": \"upper\"}",
        "related_entities": []
      },
      "bill_id": "AM1030406"
    },
    "filename": "il-data-pipeline/country:us/state:il/sessions/104th/bills/AM1030406/logs/20250226T000000Z_pursuant_to_senate_rule_101c_move_to_compile_the_following_ams.json",
    "minimal_metadata": {
      "title": "APPOINT-PONNI ARUNKUMAR",
      "description": null,
      "sources": [
        {
          "url": "https://ilga.gov/Legislation/BillStatus?DocNum=1030406&GAID=18&DocTypeID=AM&LegId=157851&SessionID=114",
          "note": ""
        }
      ]
    }
  },
  {
    "log": {
      "action": {
        "classification": [],
        "date": "2025-02-26",
        "description": "Appointment Confirmed",
        "organization_id": "~{\"classification\": \"upper\"}",
        "related_entities": []
      },
      "bill_id": "AM1030407"
    },
    "filename": "il-data-pipeline/country:us/state:il/sessions/104th/bills/AM1030407/logs/20250226T000000Z_appointment_confirmed.json",
    "minimal_metadata": {
      "title": "APPOINT-JODI M. HOOS",
      "description": null,
      "sources": [
        {
          "url": "https://ilga.gov/Legislation/BillStatus?DocNum=1030407&GAID=18&DocTypeID=AM&LegId=157852&SessionID=114",
          "note": ""
        }
      ]
    }
  },
  {
    "log": {
      "action": {
        "classification": [],
        "date": "2025-02-26",
        "description": "Do Consent Passed 054-000-000",
        "organization_id": "~{\"classification\": \"upper\"}",
        "related_entities": []
      },
      "bill_id": "AM1030407"
    },
    "filename": "il-data-pipeline/country:us/state:il/sessions/104th/bills/AM1030407/logs/20250226T000000Z_do_consent_passed_054000000.json",
    "minimal_metadata": {
      "title": "APPOINT-JODI M. HOOS",
      "description": null,
      "sources": [
        {
          "url": "https://ilga.gov/Legislation/BillStatus?DocNum=1030407&GAID=18&DocTypeID=AM&LegId=157852&SessionID=114",
          "note": ""
        }
      ]
    }
  },
  {
    "log": {
      "action": {
        "classification": [],
        "date": "2025-02-26",
        "description": "Motion Filed Appointment Messages Be Acted on Together ** Sen. Laura M. Murphy;  AM 1030399(Amusement Ride and Attraction safety Board)\r\nAM’s 1030406,1030407(Illinois Forensic Science Commission)\r\nAM’s 1030408,1030419,1030436(Health Benefits Exchange Advisory Committee)\r\nAM 1030411(Illinois Housing Development Authority)\r\nAM 1030412(Illinois State Medical Board)\r\nAM’s 1030413, 1030415,1030421,1030426(Illinois State Museum Board)\r\nAM 1030424(Blue Ribbon Commission on Transportation Infrastructure Funding and Policy)\r\nAM 1030416(Illinois Student Assistance Commission)\r\nAM1030425(Southwestern Illinois Development Authority)\r\nAM 1030427(Commission on Discrimination and Hate Crimes)\r\nAM’s 1030428,1030432,1030437 (Capital Development Board)\r\nAM 1030430(State Board of Health)\r\nAM 1030433(Energy Workforce Advisory Council)\r\nAM 1030434(Criminal Justice Information Authority)",
        "organization_id": "~{\"classification\": \"upper\"}",
        "related_entities": []
      },
      "bill_id": "AM1030407"
    },
    "filename": "il-data-pipeline/country:us/state:il/sessions/104th/bills/AM1030407/logs/20250226T000000Z_motion_filed_appointment_messages_be_acted_on_together_sen_laura_m_murphy_am_1030399amusement_ride_a.json",
    "minimal_metadata": {
      "title": "APPOINT-JODI M. HOOS",
      "description": null,
      "sources": [
        {
          "url": "https://ilga.gov/Legislation/BillStatus?DocNum=1030407&GAID=18&DocTypeID=AM&LegId=157852&SessionID=114",
          "note": ""
        }
      ]
    }
  },
  {
    "log": {
      "action": {
        "classification": [],
        "date": "2025-02-26",
        "description": "Motion Prevailed",
        "organization_id": "~{\"classification\": \"upper\"}",
        "related_entities": []
      },
      "bill_id": "AM1030407"
    },
    "filename": "il-data-pipeline/country:us/state:il/sessions/104th/bills/AM1030407/logs/20250226T000000Z_motion_prevailed.json",
    "minimal_metadata": {
      "title": "APPOINT-JODI M. HOOS",
      "description": null,
      "sources": [
        {
          "url": "https://ilga.gov/Legislation/BillStatus?DocNum=1030407&GAID=18&DocTypeID=AM&LegId=157852&SessionID=114",
          "note": ""
        }
      ]
    }
  },
  {
    "log": {
      "action": {
        "classification": [],
        "date": "2025-02-26",
        "description": "Pursuant to Senate Rule 10-1(c), move to compile the following AM's",
        "organization_id": "~{\"classification\": \"upper\"}",
        "related_entities": []
      },
      "bill_id": "AM1030407"
    },
    "filename": "il-data-pipeline/country:us/state:il/sessions/104th/bills/AM1030407/logs/20250226T000000Z_pursuant_to_senate_rule_101c_move_to_compile_the_following_ams.json",
    "minimal_metadata": {
      "title": "APPOINT-JODI M. HOOS",
      "description": null,
      "sources": [
        {
          "url": "https://ilga.gov/Legislation/BillStatus?DocNum=1030407&GAID=18&DocTypeID=AM&LegId=157852&SessionID=114",
          "note": ""
        }
      ]
    }
  },
  {
    "log": {
      "action": {
        "classification": [],
        "date": "2025-02-26",
        "description": "Appointment Confirmed",
        "organization_id": "~{\"classification\": \"upper\"}",
        "related_entities": []
      },
      "bill_id": "AM1030408"
    },
    "filename": "il-data-pipeline/country:us/state:il/sessions/104th/bills/AM1030408/logs/20250226T000000Z_appointment_confirmed.json",
    "minimal_metadata": {
      "title": "APPOINT-PAULA CAMPBELL",
      "description": null,
      "sources": [
        {
          "url": "https://ilga.gov/Legislation/BillStatus?DocNum=1030408&GAID=18&DocTypeID=AM&LegId=157853&SessionID=114",
          "note": ""
        }
      ]
    }
  },
  {
    "log": {
      "action": {
        "classification": [],
        "date": "2025-02-26",
        "description": "Do Consent Passed 054-000-000",
        "organization_id": "~{\"classification\": \"upper\"}",
        "related_entities": []
      },
      "bill_id": "AM1030408"
    },
    "filename": "il-data-pipeline/country:us/state:il/sessions/104th/bills/AM1030408/logs/20250226T000000Z_do_consent_passed_054000000.json",
    "minimal_metadata": {
      "title": "APPOINT-PAULA CAMPBELL",
      "description": null,
      "sources": [
        {
          "url": "https://ilga.gov/Legislation/BillStatus?DocNum=1030408&GAID=18&DocTypeID=AM&LegId=157853&SessionID=114",
          "note": ""
        }
      ]
    }
  },
  {
    "log": {
      "action": {
        "classification": [],
        "date": "2025-02-26",
        "description": "Motion Filed Appointment Messages Be Acted on Together ** Sen. Laura M. Murphy;  AM 1030399(Amusement Ride and Attraction safety Board)\r\nAM’s 1030406,1030407(Illinois Forensic Science Commission)\r\nAM’s 1030408,1030419,1030436(Health Benefits Exchange Advisory Committee)\r\nAM 1030411(Illinois Housing Development Authority)\r\nAM 1030412(Illinois State Medical Board)\r\nAM’s 1030413, 1030415,1030421,1030426(Illinois State Museum Board)\r\nAM 1030424(Blue Ribbon Commission on Transportation Infrastructure Funding and Policy)\r\nAM 1030416(Illinois Student Assistance Commission)\r\nAM1030425(Southwestern Illinois Development Authority)\r\nAM 1030427(Commission on Discrimination and Hate Crimes)\r\nAM’s 1030428,1030432,1030437 (Capital Development Board)\r\nAM 1030430(State Board of Health)\r\nAM 1030433(Energy Workforce Advisory Council)\r\nAM 1030434(Criminal Justice Information Authority)",
        "organization_id": "~{\"classification\": \"upper\"}",
        "related_entities": []
      },
      "bill_id": "AM1030408"
    },
    "filename": "il-data-pipeline/country:us/state:il/sessions/104th/bills/AM1030408/logs/20250226T000000Z_motion_filed_appointment_messages_be_acted_on_together_sen_laura_m_murphy_am_1030399amusement_ride_a.json",
    "minimal_metadata": {
      "title": "APPOINT-PAULA CAMPBELL",
      "description": null,
      "sources": [
        {
          "url": "https://ilga.gov/Legislation/BillStatus?DocNum=1030408&GAID=18&DocTypeID=AM&LegId=157853&SessionID=114",
          "note": ""
        }
      ]
    }
  },
  {
    "log": {
      "action": {
        "classification": [],
        "date": "2025-02-26",
        "description": "Motion Prevailed",
        "organization_id": "~{\"classification\": \"upper\"}",
        "related_entities": []
      },
      "bill_id": "AM1030408"
    },
    "filename": "il-data-pipeline/country:us/state:il/sessions/104th/bills/AM1030408/logs/20250226T000000Z_motion_prevailed.json",
    "minimal_metadata": {
      "title": "APPOINT-PAULA CAMPBELL",
      "description": null,
      "sources": [
        {
          "url": "https://ilga.gov/Legislation/BillStatus?DocNum=1030408&GAID=18&DocTypeID=AM&LegId=157853&SessionID=114",
          "note": ""
        }
      ]
    }
  },
  {
    "log": {
      "action": {
        "classification": [],
        "date": "2025-02-26",
        "description": "Pursuant to Senate Rule 10-1(c), move to compile the following AM's",
        "organization_id": "~{\"classification\": \"upper\"}",
        "related_entities": []
      },
      "bill_id": "AM1030408"
    },
    "filename": "il-data-pipeline/country:us/state:il/sessions/104th/bills/AM1030408/logs/20250226T000000Z_pursuant_to_senate_rule_101c_move_to_compile_the_following_ams.json",
    "minimal_metadata": {
      "title": "APPOINT-PAULA CAMPBELL",
      "description": null,
      "sources": [
        {
          "url": "https://ilga.gov/Legislation/BillStatus?DocNum=1030408&GAID=18&DocTypeID=AM&LegId=157853&SessionID=114",
          "note": ""
        }
      ]
    }
  },
  {
    "log": {
      "action": {
        "classification": [],
        "date": "2025-02-26",
        "description": "Appointment Confirmed",
        "organization_id": "~{\"classification\": \"upper\"}",
        "related_entities": []
      },
      "bill_id": "AM1030411"
    },
    "filename": "il-data-pipeline/country:us/state:il/sessions/104th/bills/AM1030411/logs/20250226T000000Z_appointment_confirmed.json",
    "minimal_metadata": {
      "title": "APPOINT-SALVATORE TORNATORE",
      "description": null,
      "sources": [
        {
          "url": "https://ilga.gov/Legislation/BillStatus?DocNum=1030411&GAID=18&DocTypeID=AM&LegId=157858&SessionID=114",
          "note": ""
        }
      ]
    }
  }
]
