---
source: tests/cli_snapshots_from_examples.rs
expression: "&stdout"
---
{"log":{"action":{"classification":[],"date":"2025-10-23","description":"Added Co-Sponsor Rep. Michael Crawford","organization_id":"~{\"classification\": \"lower\"}","related_entities":[]},"bill_id":"HB4022"},"filename":"il-data-pipeline/country:us/state:il/sessions/104th/bills/HB4022/logs/20251023T000000Z_added_cosponsor_rep_michael_crawford.json","minimal_metadata":{"title":"$BD HIGHER ED-SCH PSYCHOLOGIS","description":null,"sources":[{"url":"https://ilga.gov/Legislation/BillStatus?DocNum=4022&GAID=18&DocTypeID=HB&LegId=163229&SessionID=114","note":""}]}}
{"log":{"action":{"classification":[],"date":"2025-10-23","description":"Added Co-Sponsor Rep. Anna Moeller","organization_id":"~{\"classification\": \"lower\"}","related_entities":[]},"bill_id":"HR161"},"filename":"il-data-pipeline/country:us/state:il/sessions/104th/bills/HR161/logs/20251023T000000Z_added_cosponsor_rep_anna_moeller.json","minimal_metadata":{"title":"AFFIRMS-EQUAL EMPLOYMENT","description":null,"sources":[{"url":"https://ilga.gov/Legislation/BillStatus?DocNum=161&GAID=18&DocTypeID=HR&LegId=163105&SessionID=114","note":""}]}}
{"log":{"action":{"classification":["filing"],"date":"2025-10-23","description":"Filed with the Clerk by Rep. Lisa Davis","organization_id":"~{\"classification\": \"lower\"}","related_entities":[]},"bill_id":"HJR46"},"filename":"il-data-pipeline/country:us/state:il/sessions/104th/bills/HJR46/logs/20251023T000000Z_filed_with_the_clerk_by_rep_lisa_davis.json","minimal_metadata":{"title":"LITTLE PALESTINE WAY","description":null,"sources":[{"url":"https://ilga.gov/Legislation/BillStatus?DocNum=46&GAID=18&DocTypeID=HJR&LegId=164467&SessionID=114","note":""}]}}
{"log":{"action":{"classification":[],"date":"2025-10-23","description":"Added as Co-Sponsor Sen. Sara Feigenholtz","organization_id":"~{\"classification\": \"upper\"}","related_entities":[]},"bill_id":"SB2391"},"filename":"il-data-pipeline/country:us/state:il/sessions/104th/bills/SB2391/logs/20251023T000000Z_added_as_cosponsor_sen_sara_feigenholtz.json","minimal_metadata":{"title":"PROSTITUTION DECRIMINALIZATION","description":null,"sources":[{"url":"https://ilga.gov/Legislation/BillStatus?DocNum=2391&GAID=18&DocTypeID=SB&LegId=162402&SessionID=114","note":""}]}}
{"log":{"action":{"classification":[],"date":"2025-10-23","description":"Added as Co-Sponsor Sen. Graciela Guzmán","organization_id":"~{\"classification\": \"upper\"}","related_entities":[]},"bill_id":"SB268"},"filename":"il-data-pipeline/country:us/state:il/sessions/104th/bills/SB268/logs/20251023T000000Z_added_as_cosponsor_sen_graciela_guzmán.json","minimal_metadata":{"title":"INSURANCE RATE FAIRNESS","description":null,"sources":[{"url":"https://ilga.gov/Legislation/BillStatus?DocNum=268&GAID=18&DocTypeID=SB&LegId=157713&SessionID=114","note":""}]}}
{"log":{"action":{"classification":[],"date":"2025-10-23","description":"Added Co-Sponsor Rep. Lindsey LaPointe","organization_id":"~{\"classification\": \"lower\"}","related_entities":[]},"bill_id":"HB4144"},"filename":"il-data-pipeline/country:us/state:il/sessions/104th/bills/HB4144/logs/20251023T000000Z_added_cosponsor_rep_lindsey_lapointe.json","minimal_metadata":{"title":"IEMA-OHS-MABAS-ILEAS FUNDING","description":null,"sources":[{"url":"https://ilga.gov/Legislation/BillStatus?DocNum=4144&GAID=18&DocTypeID=HB&LegId=164215&SessionID=114","note":""}]}}
{"log":{"action":{"classification":[],"date":"2025-10-23","description":"Added Co-Sponsor Rep. Michael Crawford","organization_id":"~{\"classification\": \"lower\"}","related_entities":[]},"bill_id":"HB4021"},"filename":"il-data-pipeline/country:us/state:il/sessions/104th/bills/HB4021/logs/20251023T000000Z_added_cosponsor_rep_michael_crawford.json","minimal_metadata":{"title":"$ST BD ED-SCHOOL PSYCHOLOGIST","description":null,"sources":[{"url":"https://ilga.gov/Legislation/BillStatus?DocNum=4021&GAID=18&DocTypeID=HB&LegId=163228&SessionID=114","note":""}]}}
{"log":{"action":{"classification":[],"date":"2025-10-23","description":"Added Chief Co-Sponsor Rep. Steven Reick","organization_id":"~{\"classification\": \"lower\"}","related_entities":[]},"bill_id":"HB762"},"filename":"il-data-pipeline/country:us/state:il/sessions/104th/bills/HB762/logs/20251023T000000Z_added_chief_cosponsor_rep_steven_reick.json","minimal_metadata":{"title":"REGULATION-TECH","description":null,"sources":[{"url":"https://ilga.gov/Legislation/BillStatus?DocNum=762&GAID=18&DocTypeID=HB&LegId=156440&SessionID=114","note":""}]}}
{"log":{"action":{"classification":[],"date":"2025-10-23","description":"Added Co-Sponsor Rep. Nicholas K. Smith","organization_id":"~{\"classification\": \"lower\"}","related_entities":[]},"bill_id":"HB762"},"filename":"il-data-pipeline/country:us/state:il/sessions/104th/bills/HB762/logs/20251023T000000Z_added_cosponsor_rep_nicholas_k_smith.json","minimal_metadata":{"title":"REGULATION-TECH","description":null,"sources":[{"url":"https://ilga.gov/Legislation/BillStatus?DocNum=762&GAID=18&DocTypeID=HB&LegId=156440&SessionID=114","note":""}]}}
{"log":{"action":{"classification":[],"date":"2025-10-23","description":"Added Chief Co-Sponsor Rep. Camille Y. Lilly","organization_id":"~{\"classification\": \"lower\"}","related_entities":[]},"bill_id":"HB762"},"filename":"il-data-pipeline/country:us/state:il/sessions/104th/bills/HB762/logs/20251023T000000Z_added_chief_cosponsor_rep_camille_y_lilly.json","minimal_metadata":{"title":"REGULATION-TECH","description":null,"sources":[{"url":"https://ilga.gov/Legislation/BillStatus?DocNum=762&GAID=18&DocTypeID=HB&LegId=156440&SessionID=114","note":""}]}}
