---
source: tests/cli_example_snaps.rs
expression: "&formatted_stdout"
---
Command:
govbot logs

Output:
{"bill":{"from_organization":"~{\"classification\": \"lower\"}","identifier":"HB0001","legislative_session":"2025","title":"General government appropriations-2."},"id":"HB0001","log":{"action":{"classification":["filing"],"date":"2025-01-29T17:06:54+00:00","description":"H Received for Introduction","organization_id":"~{\"classification\": \"lower\"}"},"bill_id":"HB0001"},"sources":{"bill":"wy-legislation/country:us/state:wy/sessions/2025/bills/HB0001/metadata.json","log":"wy-legislation/country:us/state:wy/sessions/2025/bills/HB0001/logs/20250129T170654Z_h_received_for_introduction.json"},"timestamp":"20250129T170654Z"}
{"bill":{"from_organization":"~{\"classification\": \"lower\"}","identifier":"HB0002","legislative_session":"2025","title":"Hunting license application fees increase."},"id":"HB0002","log":{"action":{"classification":["filing"],"date":"2025-01-02T19:16:16+00:00","description":"H Received for Introduction","organization_id":"~{\"classification\": \"lower\"}"},"bill_id":"HB0002"},"sources":{"bill":"wy-legislation/country:us/state:wy/sessions/2025/bills/HB0002/metadata.json","log":"wy-legislation/country:us/state:wy/sessions/2025/bills/HB0002/logs/20250102T191616Z_h_received_for_introduction.json"},"timestamp":"20250102T191616Z"}
{"bill":{"from_organization":"~{\"classification\": \"lower\"}","identifier":"HB0003","legislative_session":"2025","title":"Animal abuse-predatory animals."},"id":"HB0003","log":{"action":{"classification":["filing"],"date":"2025-01-02T19:17:11+00:00","description":"H Received for Introduction","organization_id":"~{\"classification\": \"lower\"}"},"bill_id":"HB0003"},"sources":{"bill":"wy-legislation/country:us/state:wy/sessions/2025/bills/HB0003/metadata.json","log":"wy-legislation/country:us/state:wy/sessions/2025/bills/HB0003/logs/20250102T191711Z_h_received_for_introduction.json"},"timestamp":"20250102T191711Z"}
{"bill":{"abstracts":[{"abstract":"2025/Summaries/HB0004.pdf","note":"summary"}],"from_organization":"~{\"classification\": \"lower\"}","identifier":"HB0004","legislative_session":"2025","title":"Snowmobile registration and user fees."},"id":"HB0004","log":{"action":{"classification":["filing"],"date":"2025-01-02T19:17:44+00:00","description":"H Received for Introduction","organization_id":"~{\"classification\": \"lower\"}"},"bill_id":"HB0004"},"sources":{"bill":"wy-legislation/country:us/state:wy/sessions/2025/bills/HB0004/metadata.json","log":"wy-legislation/country:us/state:wy/sessions/2025/bills/HB0004/logs/20250102T191744Z_h_received_for_introduction.json"},"timestamp":"20250102T191744Z"}
{"bill":{"abstracts":[{"abstract":"2025/Summaries/HB0005.pdf","note":"summary"}],"from_organization":"~{\"classification\": \"lower\"}","identifier":"HB0005","legislative_session":"2025","title":"Fishing outfitters and guides-registration of fishing boats."},"id":"HB0005","log":{"action":{"classification":["filing"],"date":"2025-01-02T19:18:48+00:00","description":"H Received for Introduction","organization_id":"~{\"classification\": \"lower\"}"},"bill_id":"HB0005"},"sources":{"bill":"wy-legislation/country:us/state:wy/sessions/2025/bills/HB0005/metadata.json","log":"wy-legislation/country:us/state:wy/sessions/2025/bills/HB0005/logs/20250102T191848Z_h_received_for_introduction.json"},"timestamp":"20250102T191848Z"}
