---
source: tests/cli_example_snaps.rs
expression: "&formatted_stdout"
---
Command:
govbot logs  \
    --repos usa il \
    --join minimal_metadata,sponsors  \
    --sort DESC  \
    --limit 10  \

Output:
{"log":{"action":{"classification":[],"date":"2025-06-04T04:00:00+00:00","description":"Message on Senate action sent to the House.","organization_id":"~{\"classification\": \"upper\"}","related_entities":[]},"bill_id":"HCONRES 24"},"filename":"usa-data-pipeline/country:us/state:usa/sessions/119/bills/HCONRES24/logs/20250604T040000Z_message_on_senate_action_sent_to_the_house.json","minimal_metadata":{"title":"Authorizing the use of Emancipation Hall in the Capitol Visitor Center for an event to celebrate the birthday of King Kamehameha I.","description":null,"sources":[{"url":"https://www.govinfo.gov/bulkdata/BILLSTATUS/119/hconres/BILLSTATUS-119hconres24.xml","note":""},{"url":"https://congress.gov/bill/119th-congress/house-resolution/24","note":""}]}}
{"log":{"action":{"classification":[],"date":"2025-06-03T04:00:00+00:00","description":"Resolution agreed to in Senate without amendment by Unanimous Consent. (consideration: CR S3210)","organization_id":"~{\"classification\": \"upper\"}","related_entities":[]},"bill_id":"HCONRES 24"},"filename":"usa-data-pipeline/country:us/state:usa/sessions/119/bills/HCONRES24/logs/20250603T040000Z_resolution_agreed_to_in_senate_without_amendment_by_unanimous_consent_consideration_cr_s3210.json","minimal_metadata":{"title":"Authorizing the use of Emancipation Hall in the Capitol Visitor Center for an event to celebrate the birthday of King Kamehameha I.","description":null,"sources":[{"url":"https://www.govinfo.gov/bulkdata/BILLSTATUS/119/hconres/BILLSTATUS-119hconres24.xml","note":""},{"url":"https://congress.gov/bill/119th-congress/house-resolution/24","note":""}]}}
{"log":{"action":{"classification":[],"date":"2025-05-20T04:00:00+00:00","description":"Star Print ordered on the reported concurrent resolution.","organization_id":"~{\"classification\": \"upper\"}","related_entities":[]},"bill_id":"HCONRES 14"},"filename":"usa-data-pipeline/country:us/state:usa/sessions/119/bills/HCONRES14/logs/20250520T040000Z_star_print_ordered_on_the_reported_concurrent_resolution.json","minimal_metadata":{"title":"Establishing the congressional budget for the United States Government for fiscal year 2025 and setting forth the appropriate budgetary levels for fiscal years 2026 through 2034.","description":null,"sources":[{"url":"https://www.govinfo.gov/bulkdata/BILLSTATUS/119/hconres/BILLSTATUS-119hconres14.xml","note":""},{"url":"https://congress.gov/bill/119th-congress/house-resolution/14","note":""}]}}
{"log":{"action":{"classification":[],"date":"2025-05-15T04:00:00+00:00","description":"Received in the Senate.","organization_id":"~{\"classification\": \"upper\"}","related_entities":[]},"bill_id":"HCONRES 24"},"filename":"usa-data-pipeline/country:us/state:usa/sessions/119/bills/HCONRES24/logs/20250515T040000Z_received_in_the_senate.json","minimal_metadata":{"title":"Authorizing the use of Emancipation Hall in the Capitol Visitor Center for an event to celebrate the birthday of King Kamehameha I.","description":null,"sources":[{"url":"https://www.govinfo.gov/bulkdata/BILLSTATUS/119/hconres/BILLSTATUS-119hconres24.xml","note":""},{"url":"https://congress.gov/bill/119th-congress/house-resolution/24","note":""}]}}
{"log":{"action":{"classification":[],"date":"2025-05-14T21:39:24+00:00","description":"Motion to reconsider laid on the table Agreed to without objection.","organization_id":"~{\"classification\": \"lower\"}","related_entities":[]},"bill_id":"HCONRES 24"},"filename":"usa-data-pipeline/country:us/state:usa/sessions/119/bills/HCONRES24/logs/20250514T213924Z_motion_to_reconsider_laid_on_the_table_agreed_to_without_objection.json","minimal_metadata":{"title":"Authorizing the use of Emancipation Hall in the Capitol Visitor Center for an event to celebrate the birthday of King Kamehameha I.","description":null,"sources":[{"url":"https://www.govinfo.gov/bulkdata/BILLSTATUS/119/hconres/BILLSTATUS-119hconres24.xml","note":""},{"url":"https://congress.gov/bill/119th-congress/house-resolution/24","note":""}]}}
{"log":{"action":{"classification":[],"date":"2025-05-14T21:39:23+00:00","description":"On agreeing to the resolution Agreed to without objection. (text: CR H2033)","organization_id":"~{\"classification\": \"lower\"}","related_entities":[]},"bill_id":"HCONRES 24"},"filename":"usa-data-pipeline/country:us/state:usa/sessions/119/bills/HCONRES24/logs/20250514T213923Z_on_agreeing_to_the_resolution_agreed_to_without_objection_text_cr_h2033.json","minimal_metadata":{"title":"Authorizing the use of Emancipation Hall in the Capitol Visitor Center for an event to celebrate the birthday of King Kamehameha I.","description":null,"sources":[{"url":"https://www.govinfo.gov/bulkdata/BILLSTATUS/119/hconres/BILLSTATUS-119hconres24.xml","note":""},{"url":"https://congress.gov/bill/119th-congress/house-resolution/24","note":""}]}}
{"log":{"action":{"classification":[],"date":"2025-05-14T21:38:53+00:00","description":"Considered by unanimous consent. (consideration: CR H2033)","organization_id":"~{\"classification\": \"lower\"}","related_entities":[]},"bill_id":"HCONRES 24"},"filename":"usa-data-pipeline/country:us/state:usa/sessions/119/bills/HCONRES24/logs/20250514T213853Z_considered_by_unanimous_consent_consideration_cr_h2033.json","minimal_metadata":{"title":"Authorizing the use of Emancipation Hall in the Capitol Visitor Center for an event to celebrate the birthday of King Kamehameha I.","description":null,"sources":[{"url":"https://www.govinfo.gov/bulkdata/BILLSTATUS/119/hconres/BILLSTATUS-119hconres24.xml","note":""},{"url":"https://congress.gov/bill/119th-congress/house-resolution/24","note":""}]}}
{"log":{"action":{"classification":[],"date":"2025-05-14T21:38:49+00:00","description":"Mr. Steil asked unanimous consent to discharge from committee and consider.","organization_id":"~{\"classification\": \"lower\"}","related_entities":[]},"bill_id":"HCONRES 24"},"filename":"usa-data-pipeline/country:us/state:usa/sessions/119/bills/HCONRES24/logs/20250514T213849Z_mr_steil_asked_unanimous_consent_to_discharge_from_committee_and_consider.json","minimal_metadata":{"title":"Authorizing the use of Emancipation Hall in the Capitol Visitor Center for an event to celebrate the birthday of King Kamehameha I.","description":null,"sources":[{"url":"https://www.govinfo.gov/bulkdata/BILLSTATUS/119/hconres/BILLSTATUS-119hconres24.xml","note":""},{"url":"https://congress.gov/bill/119th-congress/house-resolution/24","note":""}]}}
{"log":{"action":{"classification":[],"date":"2025-05-14T04:00:00+00:00","description":"Committee on House Administration discharged.","organization_id":"~{\"classification\": \"lower\"}","related_entities":[]},"bill_id":"HCONRES 24"},"filename":"usa-data-pipeline/country:us/state:usa/sessions/119/bills/HCONRES24/logs/20250514T040000Z_committee_on_house_administration_discharged.json","minimal_metadata":{"title":"Authorizing the use of Emancipation Hall in the Capitol Visitor Center for an event to celebrate the birthday of King Kamehameha I.","description":null,"sources":[{"url":"https://www.govinfo.gov/bulkdata/BILLSTATUS/119/hconres/BILLSTATUS-119hconres24.xml","note":""},{"url":"https://congress.gov/bill/119th-congress/house-resolution/24","note":""}]}}
{"log":{"action":{"classification":[],"date":"2025-04-14T04:00:00+00:00","description":"Message on Senate action sent to the House.","organization_id":"~{\"classification\": \"upper\"}","related_entities":[]},"bill_id":"HCONRES 22"},"filename":"usa-data-pipeline/country:us/state:usa/sessions/119/bills/HCONRES22/logs/20250414T040000Z_message_on_senate_action_sent_to_the_house.json","minimal_metadata":{"title":"Authorizing the use of Emancipation Hall in the Capitol Visitor Center for a ceremony to present the Congressional Gold Medals awarded under the 'Six Triple Eight' Congressional Gold Medal Act of 2021.","description":null,"sources":[{"url":"https://www.govinfo.gov/bulkdata/BILLSTATUS/119/hconres/BILLSTATUS-119hconres22.xml","note":""},{"url":"https://congress.gov/bill/119th-congress/house-resolution/22","note":""}]}}
