---
source: tests/cli_example_snaps.rs
expression: "&formatted_stdout"
---
Command:
# Test logs command with no filtering (show all log types)
govbot logs --filter none --limit 5

Output:
{"bill":{"from_organization":"~{\"classification\": \"lower\"}","identifier":"HB0001","legislative_session":"2025","title":"General government appropriations-2."},"id":"HB0001","log":{"action":{"classification":["reading-1"],"date":"2025-01-29T02:27:03+00:00","description":"Bill Number Assigned","organization_id":"~{\"classification\": \"executive\"}"},"bill_id":"HB0001"},"sources":{"bill":"wy-legislation/country:us/state:wy/sessions/2025/bills/HB0001/metadata.json","log":"wy-legislation/country:us/state:wy/sessions/2025/bills/HB0001/logs/20250129T022703Z_bill_number_assigned.json"},"timestamp":"20250129T022703Z"}
{"bill":{"from_organization":"~{\"classification\": \"lower\"}","identifier":"HB0001","legislative_session":"2025","title":"General government appropriations-2."},"id":"HB0001","log":{"action":{"classification":["filing"],"date":"2025-01-29T17:06:54+00:00","description":"H Received for Introduction","organization_id":"~{\"classification\": \"lower\"}"},"bill_id":"HB0001"},"sources":{"bill":"wy-legislation/country:us/state:wy/sessions/2025/bills/HB0001/metadata.json","log":"wy-legislation/country:us/state:wy/sessions/2025/bills/HB0001/logs/20250129T170654Z_h_received_for_introduction.json"},"timestamp":"20250129T170654Z"}
{"bill":{"from_organization":"~{\"classification\": \"lower\"}","identifier":"HB0001","legislative_session":"2025","title":"General government appropriations-2."},"id":"HB0001","log":{"action":{"classification":["introduction","referral-committee"],"date":"2025-01-31T03:09:31+00:00","description":"H Introduced and Referred to HCOW","organization_id":"~{\"classification\": \"lower\"}"},"bill_id":"HB0001"},"sources":{"bill":"wy-legislation/country:us/state:wy/sessions/2025/bills/HB0001/metadata.json","log":"wy-legislation/country:us/state:wy/sessions/2025/bills/HB0001/logs/20250131T030931Z.classification.introduction.lower.json"}}
{"bill":{"from_organization":"~{\"classification\": \"lower\"}","identifier":"HB0002","legislative_session":"2025","title":"Hunting license application fees increase."},"id":"HB0002","log":{"action":{"classification":["reading-1"],"date":"2024-12-03T00:51:58+00:00","description":"Bill Number Assigned","organization_id":"~{\"classification\": \"executive\"}"},"bill_id":"HB0002"},"sources":{"bill":"wy-legislation/country:us/state:wy/sessions/2025/bills/HB0002/metadata.json","log":"wy-legislation/country:us/state:wy/sessions/2025/bills/HB0002/logs/20241203T005158Z_bill_number_assigned.json"},"timestamp":"20241203T005158Z"}
{"bill":{"from_organization":"~{\"classification\": \"lower\"}","identifier":"HB0002","legislative_session":"2025","title":"Hunting license application fees increase."},"id":"HB0002","log":{"action":{"classification":["filing"],"date":"2025-01-02T19:16:16+00:00","description":"H Received for Introduction","organization_id":"~{\"classification\": \"lower\"}"},"bill_id":"HB0002"},"sources":{"bill":"wy-legislation/country:us/state:wy/sessions/2025/bills/HB0002/metadata.json","log":"wy-legislation/country:us/state:wy/sessions/2025/bills/HB0002/logs/20250102T191616Z_h_received_for_introduction.json"},"timestamp":"20250102T191616Z"}
